Archive member included to satisfy reference by file (symbol)

c:/program files (x86)/atmel/studio/7.0/toolchain/avr8/avr8-gnu-toolchain/bin/../lib/gcc/avr/5.4.0/../../../../avr/lib/avr5\libm.a(addsf3.o)
                              HAL/SERVO_MOTOR/servo.o (__subsf3)
c:/program files (x86)/atmel/studio/7.0/toolchain/avr8/avr8-gnu-toolchain/bin/../lib/gcc/avr/5.4.0/../../../../avr/lib/avr5\libm.a(addsf3x.o)
                              c:/program files (x86)/atmel/studio/7.0/toolchain/avr8/avr8-gnu-toolchain/bin/../lib/gcc/avr/5.4.0/../../../../avr/lib/avr5\libm.a(addsf3.o) (__addsf3x)
c:/program files (x86)/atmel/studio/7.0/toolchain/avr8/avr8-gnu-toolchain/bin/../lib/gcc/avr/5.4.0/../../../../avr/lib/avr5\libm.a(divsf3.o)
                              HAL/SERVO_MOTOR/servo.o (__divsf3)
c:/program files (x86)/atmel/studio/7.0/toolchain/avr8/avr8-gnu-toolchain/bin/../lib/gcc/avr/5.4.0/../../../../avr/lib/avr5\libm.a(divsf3x.o)
                              c:/program files (x86)/atmel/studio/7.0/toolchain/avr8/avr8-gnu-toolchain/bin/../lib/gcc/avr/5.4.0/../../../../avr/lib/avr5\libm.a(divsf3.o) (__divsf3x)
c:/program files (x86)/atmel/studio/7.0/toolchain/avr8/avr8-gnu-toolchain/bin/../lib/gcc/avr/5.4.0/../../../../avr/lib/avr5\libm.a(fixsfdi.o)
                              MCAL/TIMER0/timer0.o (__fixunssfdi)
c:/program files (x86)/atmel/studio/7.0/toolchain/avr8/avr8-gnu-toolchain/bin/../lib/gcc/avr/5.4.0/../../../../avr/lib/avr5\libm.a(fixunssfsi.o)
                              APP/Smart_Home/Enterence_Control.o (__fixunssfsi)
c:/program files (x86)/atmel/studio/7.0/toolchain/avr8/avr8-gnu-toolchain/bin/../lib/gcc/avr/5.4.0/../../../../avr/lib/avr5\libm.a(floatsisf.o)
                              HAL/Ultrasonic_HC_SR04/US_Hc_SR04.o (__floatunsisf)
c:/program files (x86)/atmel/studio/7.0/toolchain/avr8/avr8-gnu-toolchain/bin/../lib/gcc/avr/5.4.0/../../../../avr/lib/avr5\libm.a(floatundisf.o)
                              MCAL/TIMER0/timer0.o (__floatundisf)
c:/program files (x86)/atmel/studio/7.0/toolchain/avr8/avr8-gnu-toolchain/bin/../lib/gcc/avr/5.4.0/../../../../avr/lib/avr5\libm.a(fp_inf.o)
                              c:/program files (x86)/atmel/studio/7.0/toolchain/avr8/avr8-gnu-toolchain/bin/../lib/gcc/avr/5.4.0/../../../../avr/lib/avr5\libm.a(addsf3x.o) (__fp_inf)
c:/program files (x86)/atmel/studio/7.0/toolchain/avr8/avr8-gnu-toolchain/bin/../lib/gcc/avr/5.4.0/../../../../avr/lib/avr5\libm.a(fp_nan.o)
                              c:/program files (x86)/atmel/studio/7.0/toolchain/avr8/avr8-gnu-toolchain/bin/../lib/gcc/avr/5.4.0/../../../../avr/lib/avr5\libm.a(addsf3x.o) (__fp_nan)
c:/program files (x86)/atmel/studio/7.0/toolchain/avr8/avr8-gnu-toolchain/bin/../lib/gcc/avr/5.4.0/../../../../avr/lib/avr5\libm.a(fp_negdi.o)
                              c:/program files (x86)/atmel/studio/7.0/toolchain/avr8/avr8-gnu-toolchain/bin/../lib/gcc/avr/5.4.0/../../../../avr/lib/avr5\libm.a(fixsfdi.o) (__fp_negdi)
c:/program files (x86)/atmel/studio/7.0/toolchain/avr8/avr8-gnu-toolchain/bin/../lib/gcc/avr/5.4.0/../../../../avr/lib/avr5\libm.a(fp_pscA.o)
                              c:/program files (x86)/atmel/studio/7.0/toolchain/avr8/avr8-gnu-toolchain/bin/../lib/gcc/avr/5.4.0/../../../../avr/lib/avr5\libm.a(addsf3x.o) (__fp_pscA)
c:/program files (x86)/atmel/studio/7.0/toolchain/avr8/avr8-gnu-toolchain/bin/../lib/gcc/avr/5.4.0/../../../../avr/lib/avr5\libm.a(fp_pscB.o)
                              c:/program files (x86)/atmel/studio/7.0/toolchain/avr8/avr8-gnu-toolchain/bin/../lib/gcc/avr/5.4.0/../../../../avr/lib/avr5\libm.a(addsf3x.o) (__fp_pscB)
c:/program files (x86)/atmel/studio/7.0/toolchain/avr8/avr8-gnu-toolchain/bin/../lib/gcc/avr/5.4.0/../../../../avr/lib/avr5\libm.a(fp_round.o)
                              c:/program files (x86)/atmel/studio/7.0/toolchain/avr8/avr8-gnu-toolchain/bin/../lib/gcc/avr/5.4.0/../../../../avr/lib/avr5\libm.a(addsf3.o) (__fp_round)
c:/program files (x86)/atmel/studio/7.0/toolchain/avr8/avr8-gnu-toolchain/bin/../lib/gcc/avr/5.4.0/../../../../avr/lib/avr5\libm.a(fp_split3.o)
                              c:/program files (x86)/atmel/studio/7.0/toolchain/avr8/avr8-gnu-toolchain/bin/../lib/gcc/avr/5.4.0/../../../../avr/lib/avr5\libm.a(addsf3x.o) (__fp_split3)
c:/program files (x86)/atmel/studio/7.0/toolchain/avr8/avr8-gnu-toolchain/bin/../lib/gcc/avr/5.4.0/../../../../avr/lib/avr5\libm.a(fp_zero.o)
                              c:/program files (x86)/atmel/studio/7.0/toolchain/avr8/avr8-gnu-toolchain/bin/../lib/gcc/avr/5.4.0/../../../../avr/lib/avr5\libm.a(addsf3x.o) (__fp_zero)
c:/program files (x86)/atmel/studio/7.0/toolchain/avr8/avr8-gnu-toolchain/bin/../lib/gcc/avr/5.4.0/../../../../avr/lib/avr5\libm.a(mulsf3.o)
                              MCAL/TWI/twi.o (__mulsf3)
c:/program files (x86)/atmel/studio/7.0/toolchain/avr8/avr8-gnu-toolchain/bin/../lib/gcc/avr/5.4.0/../../../../avr/lib/avr5\libm.a(mulsf3x.o)
[...]
Memory Configuration

Name             Origin             Length             Attributes
text             0x00000000         0x00008000         xr
data             0x00800060         0x00000800         rw !x
eeprom           0x00810000         0x00000400         rw !x
fuse             0x00820000         0x00000002         rw !x
lock             0x00830000         0x00000400         rw !x
signature        0x00840000         0x00000400         rw !x
user_signatures  0x00850000         0x00000400         rw !x
*default*        0x00000000         0xffffffff

Linker script and memory map

LOAD C:/Program Files (x86)/Atmel/Studio/7.0/Packs/atmel/ATmega_DFP/1.7.374/gcc/dev/atmega32/avr5/crtatmega32.o
LOAD APP/Demo_projects/ADC_main_autotrigger.o
LOAD APP/Demo_projects/ADC_main_readFreerunning.o
LOAD APP/Demo_projects/Ch1_PasswordbyTicks.o
LOAD APP/Demo_projects/Ch2_sStopWatch.o
LOAD APP/Demo_projects/DHTmain.o
LOAD APP/Demo_projects/exEEPROMmain.o
LOAD APP/Demo_projects/FastPWMwithbuzzer.o
LOAD APP/Demo_projects/SPImasterReceiver.o
LOAD APP/Demo_projects/Timer_NormalMode.o
LOAD APP/Demo_projects/TWI_tx.o
LOAD APP/Smart_Home/Enterence_Control.o
LOAD APP/Smart_Home/Home_Control.o
LOAD HAL/Button/button.o
LOAD HAL/Button/button_cfg.o
LOAD HAL/DHT11/dht.o
LOAD HAL/External_EEPROM/exEEPROM.o
LOAD HAL/FP_R503/FP.o
LOAD HAL/KEYPAD/keypad.o
LOAD HAL/KEYPAD/keypad_cfg.o
LOAD HAL/LCD/LCD.o
LOAD HAL/LED/led.o
LOAD HAL/LED/led_cfg.o
LOAD HAL/SERVO_MOTOR/servo.o
LOAD HAL/SSD/sevens_seg.o
LOAD HAL/SSD/seven_seg_cfg.o
LOAD HAL/Ultrasonic_HC_SR04/US_Hc_SR04.o
LOAD HAL/Ultrasonic_HC_SR04/US_HC_SR04_cfg.o
LOAD HAL/UnipolarStepperMotor/UnipolarStepperMotor.o
LOAD HAL/UnipolarStepperMotor/UnipolarStepperMotor_cfg.o
LOAD main.o
LOAD MCAL/ADC/ADC.o
LOAD MCAL/ADC/ADC_cfg.o
LOAD MCAL/DIO/dio.o
LOAD MCAL/DIO/dio_cfg.o
LOAD MCAL/EXTI/EXTI_prog.o
LOAD MCAL/SPI/spi.o
LOAD MCAL/TIMER0/timer0.o
LOAD MCAL/TIMER1/timer1.o
LOAD MCAL/TIMER2/timer2.o
LOAD MCAL/TWI/twi.o
LOAD MCAL/USART/uart.o
LOAD MCAL/USART/uart_cf.o
LOAD SERVICES/Delay/TD_delay.o
LOAD SERVICES/PWM1/pwm1.o
LOAD SERVICES/SW_ICU/SW_ICU.o
START GROUP
LOAD c:/program files (x86)/atmel/studio/7.0/toolchain/avr8/avr8-gnu-toolchain/bin/../lib/gcc/avr/5.4.0/../../../../avr/lib/avr5\libm.a
END GROUP
START GROUP
LOAD c:/program files (x86)/atmel/studio/7.0/toolchain/avr8/avr8-gnu-toolchain/bin/../lib/gcc/avr/5.4.0/avr5\libgcc.a
LOAD c:/program files (x86)/atmel/studio/7.0/toolchain/avr8/avr8-gnu-toolchain/bin/../lib/gcc/avr/5.4.0/../../../../avr/lib/avr5\libm.a
LOAD c:/program files (x86)/atmel/studio/7.0/toolchain/avr8/avr8-gnu-toolchain/bin/../lib/gcc/avr/5.4.0/../../../../avr/lib/avr5\libc.a
LOAD C:/Program Files (x86)/Atmel/Studio/7.0/Packs/atmel/ATmega_DFP/1.7.374/gcc/dev/atmega32/avr5\libatmega32.a
END GROUP
                0x00000000                __TEXT_REGION_ORIGIN__ = DEFINED (__TEXT_REGION_ORIGIN__)?__TEXT_REGION_ORIGIN__:0x0
                [0x00800060]                __DATA_REGION_ORIGIN__ = DEFINED (__DATA_REGION_ORIGIN__)?__DATA_REGION_ORIGIN__:0x800060
                [0x00008000]                __TEXT_REGION_LENGTH__ = DEFINED (__TEXT_REGION_LENGTH__)?__TEXT_REGION_LENGTH__:0x20000
                [0x00000800]                __DATA_REGION_LENGTH__ = DEFINED (__DATA_REGION_LENGTH__)?__DATA_REGION_LENGTH__:0xffa0
                [0x00000400]                __EEPROM_REGION_LENGTH__ = DEFINED (__EEPROM_REGION_LENGTH__)?__EEPROM_REGION_LENGTH__:0x10000
                [0x00000002]                __FUSE_REGION_LENGTH__ = DEFINED (__FUSE_REGION_LENGTH__)?__FUSE_REGION_LENGTH__:0x400
                0x00000400                __LOCK_REGION_LENGTH__ = DEFINED (__LOCK_REGION_LENGTH__)?__LOCK_REGION_LENGTH__:0x400
                0x00000400                __SIGNATURE_REGION_LENGTH__ = DEFINED (__SIGNATURE_REGION_LENGTH__)?__SIGNATURE_REGION_LENGTH__:0x400
                0x00000400                __USER_SIGNATURE_REGION_LENGTH__ = DEFINED (__USER_SIGNATURE_REGION_LENGTH__)?__USER_SIGNATURE_REGION_LENGTH__:0x400

.hash
 *(.hash)

.dynsym
 *(.dynsym)

.dynstr
 *(.dynstr)

.gnu.version
 *(.gnu.version)

.gnu.version_d
 *(.gnu.version_d)

.gnu.version_r
 *(.gnu.version_r)

.rel.init
 *(.rel.init)

.rela.init
 *(.rela.init)

.rel.text
 *(.rel.text)
 *(.rel.text.*)
 *(.rel.gnu.linkonce.t*)

.rela.text
 *(.rela.text)
 *(.rela.text.*)
 *(.rela.gnu.linkonce.t*)

.rel.fini
 *(.rel.fini)

.rela.fini
 *(.rela.fini)

.rel.rodata
 *(.rel.rodata)
 *(.rel.rodata.*)
 *(.rel.gnu.linkonce.r*)

.rela.rodata
 *(.rela.rodata)
 *(.rela.rodata.*)
 *(.rela.gnu.linkonce.r*)

.rel.data
 *(.rel.data)
 *(.rel.data.*)
 *(.rel.gnu.linkonce.d*)

.rela.data
 *(.rela.data)
 *(.rela.data.*)
 *(.rela.gnu.linkonce.d*)

.rel.ctors
 *(.rel.ctors)

.rela.ctors
 *(.rela.ctors)

.rel.dtors
 *(.rel.dtors)

.rela.dtors
 *(.rela.dtors)

.rel.got
 *(.rel.got)

.rela.got
 *(.rela.got)

.rel.bss
 *(.rel.bss)

.rela.bss
 *(.rela.bss)

.rel.plt
 *(.rel.plt)

.rela.plt
 *(.rela.plt)

.text           0x00000000      0xc88
 *(.vectors)
 .vectors       0x00000000       0x54 C:/Program Files (x86)/Atmel/Studio/7.0/Packs/atmel/ATmega_DFP/1.7.374/gcc/dev/atmega32/avr5/crtatmega32.o
                0x00000000                __vector_default
                0x00000000                __vectors
 *(.vectors)
 *(.progmem.gcc*)
                0x00000054                . = ALIGN (0x2)
                0x00000054                __trampolines_start = .
 *(.trampolines)
 .trampolines   0x00000054        0x0 linker stubs
 *(.trampolines*)
                0x00000054                __trampolines_end = .
 *libprintf_flt.a:*(.progmem.data)
 *libc.a:*(.progmem.data)
 *(.progmem*)
                0x00000054                . = ALIGN (0x2)
 *(.jumptables)
 *(.jumptables*)
 *(.lowtext)
 *(.lowtext*)
                0x00000054                __ctors_start = .
 *(.ctors)
                0x00000054                __ctors_end = .
                0x00000054                __dtors_start = .
 *(.dtors)
                0x00000054                __dtors_end = .
 SORT(*)(.ctors)
 SORT(*)(.dtors)
 *(.init0)
 .init0         0x00000054        0x0 C:/Program Files (x86)/Atmel/Studio/7.0/Packs/atmel/ATmega_DFP/1.7.374/gcc/dev/atmega32/avr5/crtatmega32.o
                0x00000054                __init
 *(.init0)
 *(.init1)
 *(.init1)
 *(.init2)
 .init2         0x00000054        0xc C:/Program Files (x86)/Atmel/Studio/7.0/Packs/atmel/ATmega_DFP/1.7.374/gcc/dev/atmega32/avr5/crtatmega32.o
 *(.init2)
 *(.init3)
 *(.init3)
 *(.init4)
 .init4         0x00000060       0x16 c:/program files (x86)/atmel/studio/7.0/toolchain/avr8/avr8-gnu-toolchain/bin/../lib/gcc/avr/5.4.0/avr5\libgcc.a(_copy_data.o)
                0x00000060                __do_copy_data
 .init4         0x00000076       0x10 c:/program files (x86)/atmel/studio/7.0/toolchain/avr8/avr8-gnu-toolchain/bin/../lib/gcc/avr/5.4.0/avr5\libgcc.a(_clear_bss.o)
                0x00000076                __do_clear_bss
 *(.init4)
 *(.init5)
 *(.init5)
 *(.init6)
 *(.init6)
 *(.init7)
 *(.init7)
 *(.init8)
 *(.init8)
 *(.init9)
 .init9         0x00000086        0x8 C:/Program Files (x86)/Atmel/Studio/7.0/Packs/atmel/ATmega_DFP/1.7.374/gcc/dev/atmega32/avr5/crtatmega32.o
 *(.init9)
 *(.text)
 .text          0x0000008e        0x4 C:/Program Files (x86)/Atmel/Studio/7.0/Packs/atmel/ATmega_DFP/1.7.374/gcc/dev/atmega32/avr5/crtatmega32.o
                0x0000008e                __vector_6
                0x0000008e                __vector_17
                0x0000008e                __vector_19
                0x0000008e                __vector_18
                0x0000008e                __vector_20
                0x0000008e                __bad_interrupt
                0x00000092                . = ALIGN (0x2)
 *(.text.*)
 .text.DHT_voidRequest
                0x00000092       0x32 HAL/DHT11/dht.o
                0x00000092                DHT_voidRequest
 .text.DHT_voidResponse
                0x000000c4       0x30 HAL/DHT11/dht.o
                0x000000c4                DHT_voidResponse
 .text.DHT_u8Recive
                0x000000f4       0x52 HAL/DHT11/dht.o
                0x000000f4                DHT_u8Recive
 .text.DHT_enuReadData
                0x00000146      0x104 HAL/DHT11/dht.o
                0x00000146                DHT_enuReadData
 .text.LCD_lcd_kick
                0x0000024a       0x2e HAL/LCD/LCD.o
 .text.LCD_SendCommand
                0x00000278       0x94 HAL/LCD/LCD.o
 .text.LCD_WriteData
                0x0000030c       0x94 HAL/LCD/LCD.o
                0x0000030c                LCD_WriteData
 .text.LCD_Init
                0x000003a0       0x66 HAL/LCD/LCD.o
                0x000003a0                LCD_Init
 .text.LCD_GoToXY
                0x00000406       0x38 HAL/LCD/LCD.o
                0x00000406                LCD_GoToXY
 .text.LCD_WriteString
                0x0000043e       0x26 HAL/LCD/LCD.o
                0x0000043e                LCD_WriteString
 .text.led_viInit
                0x00000464       0x2e HAL/LED/led.o
                0x00000464                led_viInit
 .text.main     0x00000492       0xb8 main.o
                0x00000492                main
 .text.__vector_16
                0x0000054a       0x52 MCAL/ADC/ADC.o
                0x0000054a                __vector_16
 .text.dio_vidConfigChannel
                0x0000059c       0xda MCAL/DIO/dio.o
                0x0000059c                dio_vidConfigChannel
 .text.dio_vidWriteChannel
                0x00000676       0xda MCAL/DIO/dio.o
                0x00000676                dio_vidWriteChannel
 .text.dio_dioLevelReadChannel
                0x00000750       0x5e MCAL/DIO/dio.o
                0x00000750                dio_dioLevelReadChannel
 .text.__vector_1
                0x000007ae       0x4e MCAL/EXTI/EXTI_prog.o
                0x000007ae                __vector_1
 .text.__vector_2
                0x000007fc       0x4e MCAL/EXTI/EXTI_prog.o
                0x000007fc                __vector_2
 .text.__vector_3
                0x0000084a       0x4e MCAL/EXTI/EXTI_prog.o
                0x0000084a                __vector_3
 .text.__vector_12
                0x00000898       0x4e MCAL/SPI/spi.o
                0x00000898                __vector_12
 .text.__vector_10
                0x000008e6       0x52 MCAL/TIMER0/timer0.o
                0x000008e6                __vector_10
 .text.__vector_11
                0x00000938       0x52 MCAL/TIMER0/timer0.o
                0x00000938                __vector_11
 .text.__vector_9
                0x0000098a       0x52 MCAL/TIMER1/timer1.o
                0x0000098a                __vector_9
 .text.__vector_8
                0x000009dc       0x52 MCAL/TIMER1/timer1.o
                0x000009dc                __vector_8
 .text.__vector_7
                0x00000a2e       0x52 MCAL/TIMER1/timer1.o
                0x00000a2e                __vector_7
 .text.__vector_4
                0x00000a80       0x52 MCAL/TIMER2/timer2.o
                0x00000a80                __vector_4
 .text.__vector_5
                0x00000ad2       0x52 MCAL/TIMER2/timer2.o
                0x00000ad2                __vector_5
 .text.__vector_13
                0x00000b24       0x52 MCAL/USART/uart.o
                0x00000b24                __vector_13
 .text.__vector_14
                0x00000b76       0x52 MCAL/USART/uart.o
                0x00000b76                __vector_14
 .text.__vector_15
                0x00000bc8       0x52 MCAL/USART/uart.o
                0x00000bc8                __vector_15
 .text.avr-libc
                0x00000c1a       0x16 c:/program files (x86)/atmel/studio/7.0/toolchain/avr8/avr8-gnu-toolchain/bin/../lib/gcc/avr/5.4.0/../../../../avr/lib/avr5\libc.a(itoa_ncheck.o)
                0x00000c1a                __itoa_ncheck
 .text.avr-libc
                0x00000c30       0x34 c:/program files (x86)/atmel/studio/7.0/toolchain/avr8/avr8-gnu-toolchain/bin/../lib/gcc/avr/5.4.0/../../../../avr/lib/avr5\libc.a(utoa_ncheck.o)
                0x00000c30                __utoa_ncheck
                0x00000c32                __utoa_common
 .text.avr-libc
                0x00000c64       0x20 c:/program files (x86)/atmel/studio/7.0/toolchain/avr8/avr8-gnu-toolchain/bin/../lib/gcc/avr/5.4.0/../../../../avr/lib/avr5\libc.a(strrev.o)
                0x00000c64                strrev
                0x00000c84                . = ALIGN (0x2)
 *(.fini9)
 .fini9         0x00000c84        0x0 c:/program files (x86)/atmel/studio/7.0/toolchain/avr8/avr8-gnu-toolchain/bin/../lib/gcc/avr/5.4.0/avr5\libgcc.a(_exit.o)
                0x00000c84                _exit
                0x00000c84                exit
 *(.fini9)
 *(.fini8)
 *(.fini8)
 *(.fini7)
 *(.fini7)
 *(.fini6)
 *(.fini6)
 *(.fini5)
 *(.fini5)
 *(.fini4)
 *(.fini4)
 *(.fini3)
 *(.fini3)
 *(.fini2)
 *(.fini2)
 *(.fini1)
 *(.fini1)
 *(.fini0)
 .fini0         0x00000c84        0x4 c:/program files (x86)/atmel/studio/7.0/toolchain/avr8/avr8-gnu-toolchain/bin/../lib/gcc/avr/5.4.0/avr5\libgcc.a(_exit.o)
 *(.fini0)
                0x00000c88                _etext = .

.data           0x00800060       0x36 load address 0x00000c88
                0x00800060                PROVIDE (__data_start, .)
 *(.data)
 *(.data*)
 .data.ledsCount
                0x00800060        0x1 HAL/LED/led_cfg.o
                0x00800060                ledsCount
 .data.ledsConfigurations
                0x00800061       0x10 HAL/LED/led_cfg.o
                0x00800061                ledsConfigurations
 *(.gnu.linkonce.d*)
 *(.rodata)
 *(.rodata*)
 .rodata.str1.1
                0x00800071        0x5 HAL/DHT11/dht.o
 .rodata.str1.1
                0x00800076       0x1f main.o
 *(.gnu.linkonce.r*)
                0x00800096                . = ALIGN (0x2)
 *fill*         0x00800095        0x1 
                0x00800096                _edata = .
                0x00800096                PROVIDE (__data_end, .)

.bss            0x00800096       0xf0
                0x00800096                PROVIDE (__bss_start, .)
 *(.bss)
 *(.bss*)
 *(COMMON)
 COMMON         0x00800096        0x2 APP/Demo_projects/exEEPROMmain.o
                0x00800096                GP_SPI_CallBack
 COMMON         0x00800098        0x5 main.o
                0x00800098                data
 COMMON         0x0080009d        0x2 MCAL/ADC/ADC.o
                0x0080009d                GP_ADC_Callback
 COMMON         0x0080009f        0x6 MCAL/EXTI/EXTI_prog.o
                0x0080009f                EXTI1_callback
                0x008000a1                EXTI2_callback
                0x008000a3                EXTI0_callback
 COMMON         0x008000a5        0x4 MCAL/TIMER0/timer0.o
                0x008000a5                T0_OC_CallBackFun
                0x008000a7                T0_OVF_CallBackFun
 COMMON         0x008000a9        0x8 MCAL/TIMER1/timer1.o
                0x008000a9                T1_OCB_CallBackFun
                0x008000ab                T1_OVF_CallBackFun
                0x008000ad                T1_OCA_CallBackFun
                0x008000af                T1_IC_CallBackFun
 COMMON         0x008000b1        0x4 MCAL/TIMER2/timer2.o
                0x008000b1                T2_OVF_CallBackFun
                0x008000b3                T2_OC_CallBackFun
 COMMON         0x008000b5       0xd1 MCAL/USART/uart.o
                0x008000b5                UART_TXC_CallBack
                0x008000b7                RX_Buffer
                0x008000b9                TX_Buffer
                0x00800181                UART_UDRE_CallBack
                0x00800183                UART_RXC_CallBack
                0x00800185                RX_No_Block_State
                0x00800186                PROVIDE (__bss_end, .)
                0x00000c88                __data_load_start = LOADADDR (.data)
                0x00000cbe                __data_load_end = (__data_load_start + SIZEOF (.data))

.noinit         0x00800186        0x0
                [!provide]                PROVIDE (__noinit_start, .)
 *(.noinit*)
                [!provide]                PROVIDE (__noinit_end, .)
                0x00800186                _end = .
                [!provide]                PROVIDE (__heap_start, .)

.eeprom         0x00810000        0x0
 *(.eeprom*)
                0x00810000                __eeprom_end = .

.fuse
 *(.fuse)
 *(.lfuse)
 *(.hfuse)
 *(.efuse)

.lock
 *(.lock*)

.signature
 *(.signature*)

.user_signatures
 *(.user_signatures*)

.stab
 *(.stab)

.stabstr
 *(.stabstr)

.stab.excl
 *(.stab.excl)

.stab.exclstr
 *(.stab.exclstr)

.stab.index
 *(.stab.index)

.stab.indexstr
 *(.stab.indexstr)

.comment        0x00000000       0x30
 *(.comment)
 .comment       0x00000000       0x30 APP/Demo_projects/exEEPROMmain.o
                                 0x31 (size before relaxing)
 .comment       0x00000030       0x31 HAL/DHT11/dht.o
 .comment       0x00000030       0x31 HAL/LCD/LCD.o
 .comment       0x00000030       0x31 HAL/LED/led.o
 .comment       0x00000030       0x31 HAL/LED/led_cfg.o
 .comment       0x00000030       0x31 main.o
 .comment       0x00000030       0x31 MCAL/ADC/ADC.o
 .comment       0x00000030       0x31 MCAL/DIO/dio.o
 .comment       0x00000030       0x31 MCAL/EXTI/EXTI_prog.o
 .comment       0x00000030       0x31 MCAL/SPI/spi.o
 .comment       0x00000030       0x31 MCAL/TIMER0/timer0.o
 .comment       0x00000030       0x31 MCAL/TIMER1/timer1.o
 .comment       0x00000030       0x31 MCAL/TIMER2/timer2.o
 .comment       0x00000030       0x31 MCAL/USART/uart.o

.note.gnu.avr.deviceinfo
                0x00000000       0x3c
 .note.gnu.avr.deviceinfo
                0x00000000       0x3c C:/Program Files (x86)/Atmel/Studio/7.0/Packs/atmel/ATmega_DFP/1.7.374/gcc/dev/atmega32/avr5/crtatmega32.o

.note.gnu.build-id
 *(.note.gnu.build-id)

.debug
 *(.debug)

.line
 *(.line)

.debug_srcinfo
 *(.debug_srcinfo)

.debug_sfnames
 *(.debug_sfnames)

.debug_aranges  0x00000000      0x4d0
 *(.debug_aranges)
 .debug_aranges
                0x00000000       0x18 APP/Demo_projects/exEEPROMmain.o
 .debug_aranges
                0x00000018       0x38 HAL/DHT11/dht.o
 .debug_aranges
                0x00000050       0x68 HAL/LCD/LCD.o
 .debug_aranges
                0x000000b8       0x38 HAL/LED/led.o
 .debug_aranges
                0x000000f0       0x18 HAL/LED/led_cfg.o
 .debug_aranges
                0x00000108       0x20 main.o
 .debug_aranges
                0x00000128       0x88 MCAL/ADC/ADC.o
 .debug_aranges
                0x000001b0       0x50 MCAL/DIO/dio.o
 .debug_aranges
                0x00000200       0x48 MCAL/EXTI/EXTI_prog.o
 .debug_aranges
                0x00000248       0x48 MCAL/SPI/spi.o
 .debug_aranges
                0x00000290       0x88 MCAL/TIMER0/timer0.o
 .debug_aranges
                0x00000318       0xa8 MCAL/TIMER1/timer1.o
 .debug_aranges
                0x000003c0       0x80 MCAL/TIMER2/timer2.o
 .debug_aranges
                0x00000440       0x90 MCAL/USART/uart.o

.debug_pubnames
 *(.debug_pubnames)

.debug_info     0x00000000     0x3887
 *(.debug_info .gnu.linkonce.wi.*)
 .debug_info    0x00000000      0x4e6 C:/Program Files (x86)/Atmel/Studio/7.0/Packs/atmel/ATmega_DFP/1.7.374/gcc/dev/atmega32/avr5/crtatmega32.o
 .debug_info    0x000004e6       0x98 APP/Demo_projects/exEEPROMmain.o
 .debug_info    0x0000057e      0x692 HAL/DHT11/dht.o
 .debug_info    0x00000c10      0x988 HAL/LCD/LCD.o
 .debug_info    0x00001598      0x33a HAL/LED/led.o
 .debug_info    0x000018d2      0x1ba HAL/LED/led_cfg.o
 .debug_info    0x00001a8c      0x446 main.o
 .debug_info    0x00001ed2      0x567 MCAL/ADC/ADC.o
 .debug_info    0x00002439      0x345 MCAL/DIO/dio.o
 .debug_info    0x0000277e      0x1f7 MCAL/EXTI/EXTI_prog.o
 .debug_info    0x00002975      0x140 MCAL/SPI/spi.o
 .debug_info    0x00002ab5      0x2ef MCAL/TIMER0/timer0.o
 .debug_info    0x00002da4      0x384 MCAL/TIMER1/timer1.o
 .debug_info    0x00003128      0x268 MCAL/TIMER2/timer2.o
 .debug_info    0x00003390      0x4f7 MCAL/USART/uart.o

.debug_abbrev   0x00000000     0x168d
 *(.debug_abbrev)
 .debug_abbrev  0x00000000      0x4a3 C:/Program Files (x86)/Atmel/Studio/7.0/Packs/atmel/ATmega_DFP/1.7.374/gcc/dev/atmega32/avr5/crtatmega32.o
 .debug_abbrev  0x000004a3       0x4c APP/Demo_projects/exEEPROMmain.o
 .debug_abbrev  0x000004ef      0x23a HAL/DHT11/dht.o
 .debug_abbrev  0x00000729      0x1ae HAL/LCD/LCD.o
 .debug_abbrev  0x000008d7      0x107 HAL/LED/led.o
 .debug_abbrev  0x000009de       0x8c HAL/LED/led_cfg.o
 .debug_abbrev  0x00000a6a      0x1f2 main.o
 .debug_abbrev  0x00000c5c      0x203 MCAL/ADC/ADC.o
 .debug_abbrev  0x00000e5f      0x140 MCAL/DIO/dio.o
 .debug_abbrev  0x00000f9f       0xd0 MCAL/EXTI/EXTI_prog.o
 .debug_abbrev  0x0000106f       0xc3 MCAL/SPI/spi.o
 .debug_abbrev  0x00001132      0x127 MCAL/TIMER0/timer0.o
 .debug_abbrev  0x00001259       0xf7 MCAL/TIMER1/timer1.o
 .debug_abbrev  0x00001350       0xfe MCAL/TIMER2/timer2.o
 .debug_abbrev  0x0000144e      0x23f MCAL/USART/uart.o

.debug_line     0x00000000     0x1ffe
 *(.debug_line .debug_line.* .debug_line_end)
 .debug_line    0x00000000      0x116 C:/Program Files (x86)/Atmel/Studio/7.0/Packs/atmel/ATmega_DFP/1.7.374/gcc/dev/atmega32/avr5/crtatmega32.o
 .debug_line    0x00000116       0x40 APP/Demo_projects/exEEPROMmain.o
 .debug_line    0x00000156      0x2e3 HAL/DHT11/dht.o
 .debug_line    0x00000439      0x3d1 HAL/LCD/LCD.o
 .debug_line    0x0000080a      0x1a6 HAL/LED/led.o
 .debug_line    0x000009b0       0x87 HAL/LED/led_cfg.o
 .debug_line    0x00000a37      0x1f9 main.o
 .debug_line    0x00000c30      0x2ed MCAL/ADC/ADC.o
 .debug_line    0x00000f1d      0x2ee MCAL/DIO/dio.o
 .debug_line    0x0000120b      0x17a MCAL/EXTI/EXTI_prog.o
 .debug_line    0x00001385      0x1a3 MCAL/SPI/spi.o
 .debug_line    0x00001528      0x268 MCAL/TIMER0/timer0.o
 .debug_line    0x00001790      0x291 MCAL/TIMER1/timer1.o
 .debug_line    0x00001a21      0x1d0 MCAL/TIMER2/timer2.o
 .debug_line    0x00001bf1      0x40d MCAL/USART/uart.o

.debug_frame    0x00000000      0xe0c
 *(.debug_frame)
 .debug_frame   0x00000000       0xc0 HAL/DHT11/dht.o
 .debug_frame   0x000000c0      0x100 HAL/LCD/LCD.o
 .debug_frame   0x000001c0       0x80 HAL/LED/led.o
 .debug_frame   0x00000240       0x34 main.o
 .debug_frame   0x00000274      0x16c MCAL/ADC/ADC.o
 .debug_frame   0x000003e0       0x84 MCAL/DIO/dio.o
 .debug_frame   0x00000464      0x14c MCAL/EXTI/EXTI_prog.o
 .debug_frame   0x000005b0       0xbc MCAL/SPI/spi.o
 .debug_frame   0x0000066c      0x1e4 MCAL/TIMER0/timer0.o
 .debug_frame   0x00000850      0x254 MCAL/TIMER1/timer1.o
 .debug_frame   0x00000aa4      0x174 MCAL/TIMER2/timer2.o
 .debug_frame   0x00000c18      0x1f4 MCAL/USART/uart.o

.debug_str      0x00000000     0x1569
 *(.debug_str)
 .debug_str     0x00000000      0x196 C:/Program Files (x86)/Atmel/Studio/7.0/Packs/atmel/ATmega_DFP/1.7.374/gcc/dev/atmega32/avr5/crtatmega32.o
 .debug_str     0x00000196      0x192 APP/Demo_projects/exEEPROMmain.o
                                0x1c6 (size before relaxing)
 .debug_str     0x00000328      0x218 HAL/DHT11/dht.o
                                0x3b4 (size before relaxing)
 .debug_str     0x00000540       0x92 HAL/LCD/LCD.o
                                0x336 (size before relaxing)
 .debug_str     0x000005d2      0x122 HAL/LED/led.o
                                0x347 (size before relaxing)
 .debug_str     0x000006f4       0x15 HAL/LED/led_cfg.o
                                0x2c1 (size before relaxing)
 .debug_str     0x00000709       0x11 main.o
                                0x270 (size before relaxing)
 .debug_str     0x0000071a      0x41a MCAL/ADC/ADC.o
                                0x5f3 (size before relaxing)
 .debug_str     0x00000b34       0x9a MCAL/DIO/dio.o
                                0x31a (size before relaxing)
 .debug_str     0x00000bce      0x11d MCAL/EXTI/EXTI_prog.o
                                0x28b (size before relaxing)
 .debug_str     0x00000ceb       0x6e MCAL/SPI/spi.o
                                0x1fa (size before relaxing)
 .debug_str     0x00000d59      0x1cc MCAL/TIMER0/timer0.o
                                0x354 (size before relaxing)
 .debug_str     0x00000f25      0x21e MCAL/TIMER1/timer1.o
                                0x3a0 (size before relaxing)
 .debug_str     0x00001143      0x174 MCAL/TIMER2/timer2.o
                                0x2ff (size before relaxing)
 .debug_str     0x000012b7      0x2b2 MCAL/USART/uart.o
                                0x439 (size before relaxing)

.debug_loc      0x00000000     0x295f
 *(.debug_loc)
 .debug_loc     0x00000000      0x400 HAL/DHT11/dht.o
 .debug_loc     0x00000400      0x597 HAL/LCD/LCD.o
 .debug_loc     0x00000997      0x207 HAL/LED/led.o
 .debug_loc     0x00000b9e       0x98 main.o
 .debug_loc     0x00000c36      0x379 MCAL/ADC/ADC.o
 .debug_loc     0x00000faf      0x5c1 MCAL/DIO/dio.o
 .debug_loc     0x00001570      0x367 MCAL/EXTI/EXTI_prog.o
 .debug_loc     0x000018d7       0xcb MCAL/SPI/spi.o
 .debug_loc     0x000019a2      0x57e MCAL/TIMER0/timer0.o
 .debug_loc     0x00001f20      0x38f MCAL/TIMER1/timer1.o
 .debug_loc     0x000022af      0x1b7 MCAL/TIMER2/timer2.o
 .debug_loc     0x00002466      0x4f9 MCAL/USART/uart.o

.debug_macinfo
 *(.debug_macinfo)

.debug_weaknames
 *(.debug_weaknames)

.debug_funcnames
 *(.debug_funcnames)

.debug_typenames
 *(.debug_typenames)

.debug_varnames
 *(.debug_varnames)

.debug_pubtypes
 *(.debug_pubtypes)

.debug_ranges   0x00000000      0x3f8
 *(.debug_ranges)
 .debug_ranges  0x00000000       0x40 HAL/DHT11/dht.o
 .debug_ranges  0x00000040       0x58 HAL/LCD/LCD.o
 .debug_ranges  0x00000098       0x28 HAL/LED/led.o
 .debug_ranges  0x000000c0       0x10 main.o
 .debug_ranges  0x000000d0       0x78 MCAL/ADC/ADC.o
 .debug_ranges  0x00000148       0x40 MCAL/DIO/dio.o
 .debug_ranges  0x00000188       0x38 MCAL/EXTI/EXTI_prog.o
 .debug_ranges  0x000001c0       0x38 MCAL/SPI/spi.o
 .debug_ranges  0x000001f8       0x78 MCAL/TIMER0/timer0.o
 .debug_ranges  0x00000270       0x98 MCAL/TIMER1/timer1.o
 .debug_ranges  0x00000308       0x70 MCAL/TIMER2/timer2.o
 .debug_ranges  0x00000378       0x80 MCAL/USART/uart.o

.debug_macro
 *(.debug_macro)
OUTPUT(NTI_atmega32.elf elf32-avr)
LOAD linker stubs
