Archive member included to satisfy reference by file (symbol)

c:/program files (x86)/atmel/studio/7.0/toolchain/avr8/avr8-gnu-toolchain/bin/../lib/gcc/avr/5.4.0/avr5\libgcc.a(_exit.o)
                              C:/Program Files (x86)/Atmel/Studio/7.0/Packs/atmel/ATmega_DFP/1.7.374/gcc/dev/atmega32a/avr5/crtatmega32a.o (exit)
c:/program files (x86)/atmel/studio/7.0/toolchain/avr8/avr8-gnu-toolchain/bin/../lib/gcc/avr/5.4.0/avr5\libgcc.a(_copy_data.o)
                              APP/ch1.o (__do_copy_data)
c:/program files (x86)/atmel/studio/7.0/toolchain/avr8/avr8-gnu-toolchain/bin/../lib/gcc/avr/5.4.0/avr5\libgcc.a(_umulhisi3.o)
                              HAL/SEVEN_SEGMEN/sevens_seg.o (__umulhisi3)

Discarded input sections

 .data          0x00000000        0x0 C:/Program Files (x86)/Atmel/Studio/7.0/Packs/atmel/ATmega_DFP/1.7.374/gcc/dev/atmega32a/avr5/crtatmega32a.o
 .bss           0x00000000        0x0 C:/Program Files (x86)/Atmel/Studio/7.0/Packs/atmel/ATmega_DFP/1.7.374/gcc/dev/atmega32a/avr5/crtatmega32a.o
 .text          0x00000000        0x0 APP/ch1.o
 .data          0x00000000        0x0 APP/ch1.o
 .bss           0x00000000        0x0 APP/ch1.o
 .rodata.str1.1
                0x00000000       0x3e APP/ch1.o
 .text.ChangePassword
                0x00000000       0x6c APP/ch1.o
 .text.main1    0x00000000      0x1f4 APP/ch1.o
 .data.nPress3  0x00000000        0x1 APP/ch1.o
 .data.nPress2  0x00000000        0x1 APP/ch1.o
 .data.nPress1  0x00000000        0x1 APP/ch1.o
 .debug_info    0x00000000      0x661 APP/ch1.o
 .debug_abbrev  0x00000000      0x15e APP/ch1.o
 .debug_loc     0x00000000      0x2a2 APP/ch1.o
 .debug_aranges
                0x00000000       0x28 APP/ch1.o
 .debug_ranges  0x00000000       0x18 APP/ch1.o
 .debug_line    0x00000000      0x3d1 APP/ch1.o
 .debug_str     0x00000000      0x3a6 APP/ch1.o
 .comment       0x00000000       0x31 APP/ch1.o
 .debug_frame   0x00000000       0x34 APP/ch1.o
 .text          0x00000000        0x0 HAL/Button/button.o
 .data          0x00000000        0x0 HAL/Button/button.o
 .bss           0x00000000        0x0 HAL/Button/button.o
 .text          0x00000000        0x0 HAL/Button/button_cfg.o
 .data          0x00000000        0x0 HAL/Button/button_cfg.o
 .bss           0x00000000        0x0 HAL/Button/button_cfg.o
 .text          0x00000000        0x0 HAL/KEYPAD/keypad.o
 .data          0x00000000        0x0 HAL/KEYPAD/keypad.o
 .bss           0x00000000        0x0 HAL/KEYPAD/keypad.o
 .text.KeyPad_init
                0x00000000       0x76 HAL/KEYPAD/keypad.o
 .text.GetKeyPressed
                0x00000000      0x156 HAL/KEYPAD/keypad.o
 .debug_info    0x00000000      0x3b9 HAL/KEYPAD/keypad.o
 .debug_abbrev  0x00000000      0x137 HAL/KEYPAD/keypad.o
 .debug_loc     0x00000000      0x2ac HAL/KEYPAD/keypad.o
 .debug_aranges
                0x00000000       0x28 HAL/KEYPAD/keypad.o
 .debug_ranges  0x00000000       0x18 HAL/KEYPAD/keypad.o
 .debug_line    0x00000000      0x19d HAL/KEYPAD/keypad.o
 .debug_str     0x00000000      0x3b2 HAL/KEYPAD/keypad.o
 .comment       0x00000000       0x31 HAL/KEYPAD/keypad.o
 .debug_frame   0x00000000       0x98 HAL/KEYPAD/keypad.o
 .text          0x00000000        0x0 HAL/KEYPAD/keypad_cfg.o
 .data          0x00000000        0x0 HAL/KEYPAD/keypad_cfg.o
 .bss           0x00000000        0x0 HAL/KEYPAD/keypad_cfg.o
 .data.KeypadsCount
                0x00000000        0x1 HAL/KEYPAD/keypad_cfg.o
 .data.KeypadChars
                0x00000000       0x10 HAL/KEYPAD/keypad_cfg.o
 .data.Keypads  0x00000000       0x19 HAL/KEYPAD/keypad_cfg.o
 .debug_info    0x00000000      0x215 HAL/KEYPAD/keypad_cfg.o
 .debug_abbrev  0x00000000       0x8c HAL/KEYPAD/keypad_cfg.o
 .debug_aranges
                0x00000000       0x18 HAL/KEYPAD/keypad_cfg.o
 .debug_line    0x00000000       0x79 HAL/KEYPAD/keypad_cfg.o
 .debug_str     0x00000000      0x2ba HAL/KEYPAD/keypad_cfg.o
 .comment       0x00000000       0x31 HAL/KEYPAD/keypad_cfg.o
 .text          0x00000000        0x0 HAL/LCD/LCD.o
 .data          0x00000000        0x0 HAL/LCD/LCD.o
 .bss           0x00000000        0x0 HAL/LCD/LCD.o
 .text.LCD_lcd_kick
                0x00000000       0x2e HAL/LCD/LCD.o
 .text.LCD_SendCommand
                0x00000000       0x94 HAL/LCD/LCD.o
 .text.LCD_WriteData
                0x00000000       0x94 HAL/LCD/LCD.o
 .text.LCD_Init
                0x00000000       0x66 HAL/LCD/LCD.o
 .text.LCD_ClearDisplay
                0x00000000       0x26 HAL/LCD/LCD.o
 .text.LCD_GoToXY
                0x00000000       0x38 HAL/LCD/LCD.o
 .text.LCD_WriteChar
                0x00000000       0x16 HAL/LCD/LCD.o
 .text.LCD_WriteString
                0x00000000       0x50 HAL/LCD/LCD.o
 .text.LCD_CreatCustomChar
                0x00000000       0x44 HAL/LCD/LCD.o
 .text.LCD_WriteCustomChar
                0x00000000       0x28 HAL/LCD/LCD.o
 .debug_info    0x00000000      0x9d5 HAL/LCD/LCD.o
 .debug_abbrev  0x00000000      0x1b9 HAL/LCD/LCD.o
 .debug_loc     0x00000000      0x5fb HAL/LCD/LCD.o
 .debug_aranges
                0x00000000       0x68 HAL/LCD/LCD.o
 .debug_ranges  0x00000000       0x58 HAL/LCD/LCD.o
 .debug_line    0x00000000      0x3df HAL/LCD/LCD.o
 .debug_str     0x00000000      0x339 HAL/LCD/LCD.o
 .comment       0x00000000       0x31 HAL/LCD/LCD.o
 .debug_frame   0x00000000      0x10c HAL/LCD/LCD.o
 .text          0x00000000        0x0 HAL/LED/led.o
 .data          0x00000000        0x0 HAL/LED/led.o
 .bss           0x00000000        0x0 HAL/LED/led.o
 .text.led_viToggle
                0x00000000       0x48 HAL/LED/led.o
 .text          0x00000000        0x0 HAL/LED/led_cfg.o
 .data          0x00000000        0x0 HAL/LED/led_cfg.o
 .bss           0x00000000        0x0 HAL/LED/led_cfg.o
 .text          0x00000000        0x0 HAL/SEVEN_SEGMEN/sevens_seg.o
 .data          0x00000000        0x0 HAL/SEVEN_SEGMEN/sevens_seg.o
 .bss           0x00000000        0x0 HAL/SEVEN_SEGMEN/sevens_seg.o
 .text          0x00000000        0x0 HAL/SEVEN_SEGMEN/seven_seg_cfg.o
 .data          0x00000000        0x0 HAL/SEVEN_SEGMEN/seven_seg_cfg.o
 .bss           0x00000000        0x0 HAL/SEVEN_SEGMEN/seven_seg_cfg.o
 .debug_line    0x00000000        0x0 HAL/SEVEN_SEGMEN/seven_seg_cfg.o
 .debug_str     0x00000000      0x11f HAL/SEVEN_SEGMEN/seven_seg_cfg.o
 .comment       0x00000000       0x31 HAL/SEVEN_SEGMEN/seven_seg_cfg.o
 .text          0x00000000        0x0 main.o
 .data          0x00000000        0x0 main.o
 .bss           0x00000000        0x0 main.o
 .text          0x00000000        0x0 MCAL/DIO/dio.o
 .data          0x00000000        0x0 MCAL/DIO/dio.o
 .bss           0x00000000        0x0 MCAL/DIO/dio.o
 .text.dio_vidWriteChannelGroup
                0x00000000       0xa8 MCAL/DIO/dio.o
 .text.dio_vidReadChannelGroup
                0x00000000       0x72 MCAL/DIO/dio.o
 .text.dio_vidFlipChannel
                0x00000000       0x68 MCAL/DIO/dio.o
 .text.dio_vidEnablePullUp
                0x00000000       0xba MCAL/DIO/dio.o
 .text          0x00000000        0x0 c:/program files (x86)/atmel/studio/7.0/toolchain/avr8/avr8-gnu-toolchain/bin/../lib/gcc/avr/5.4.0/avr5\libgcc.a(_exit.o)
 .data          0x00000000        0x0 c:/program files (x86)/atmel/studio/7.0/toolchain/avr8/avr8-gnu-toolchain/bin/../lib/gcc/avr/5.4.0/avr5\libgcc.a(_exit.o)
 .bss           0x00000000        0x0 c:/program files (x86)/atmel/studio/7.0/toolchain/avr8/avr8-gnu-toolchain/bin/../lib/gcc/avr/5.4.0/avr5\libgcc.a(_exit.o)
 .text.libgcc.mul
                0x00000000        0x0 c:/program files (x86)/atmel/studio/7.0/toolchain/avr8/avr8-gnu-toolchain/bin/../lib/gcc/avr/5.4.0/avr5\libgcc.a(_exit.o)
 .text.libgcc.div
                0x00000000        0x0 c:/program files (x86)/atmel/studio/7.0/toolchain/avr8/avr8-gnu-toolchain/bin/../lib/gcc/avr/5.4.0/avr5\libgcc.a(_exit.o)
 .text.libgcc   0x00000000        0x0 c:/program files (x86)/atmel/studio/7.0/toolchain/avr8/avr8-gnu-toolchain/bin/../lib/gcc/avr/5.4.0/avr5\libgcc.a(_exit.o)
 .text.libgcc.prologue
                0x00000000        0x0 c:/program files (x86)/atmel/studio/7.0/toolchain/avr8/avr8-gnu-toolchain/bin/../lib/gcc/avr/5.4.0/avr5\libgcc.a(_exit.o)
 .text.libgcc.builtins
                0x00000000        0x0 c:/program files (x86)/atmel/studio/7.0/toolchain/avr8/avr8-gnu-toolchain/bin/../lib/gcc/avr/5.4.0/avr5\libgcc.a(_exit.o)
 .text.libgcc.fmul
                0x00000000        0x0 c:/program files (x86)/atmel/studio/7.0/toolchain/avr8/avr8-gnu-toolchain/bin/../lib/gcc/avr/5.4.0/avr5\libgcc.a(_exit.o)
 .text.libgcc.fixed
                0x00000000        0x0 c:/program files (x86)/atmel/studio/7.0/toolchain/avr8/avr8-gnu-toolchain/bin/../lib/gcc/avr/5.4.0/avr5\libgcc.a(_exit.o)
 .text          0x00000000        0x0 c:/program files (x86)/atmel/studio/7.0/toolchain/avr8/avr8-gnu-toolchain/bin/../lib/gcc/avr/5.4.0/avr5\libgcc.a(_copy_data.o)
 .data          0x00000000        0x0 c:/program files (x86)/atmel/studio/7.0/toolchain/avr8/avr8-gnu-toolchain/bin/../lib/gcc/avr/5.4.0/avr5\libgcc.a(_copy_data.o)
 .bss           0x00000000        0x0 c:/program files (x86)/atmel/studio/7.0/toolchain/avr8/avr8-gnu-toolchain/bin/../lib/gcc/avr/5.4.0/avr5\libgcc.a(_copy_data.o)
 .text.libgcc.mul
                0x00000000        0x0 c:/program files (x86)/atmel/studio/7.0/toolchain/avr8/avr8-gnu-toolchain/bin/../lib/gcc/avr/5.4.0/avr5\libgcc.a(_copy_data.o)
 .text.libgcc.div
                0x00000000        0x0 c:/program files (x86)/atmel/studio/7.0/toolchain/avr8/avr8-gnu-toolchain/bin/../lib/gcc/avr/5.4.0/avr5\libgcc.a(_copy_data.o)
 .text.libgcc   0x00000000        0x0 c:/program files (x86)/atmel/studio/7.0/toolchain/avr8/avr8-gnu-toolchain/bin/../lib/gcc/avr/5.4.0/avr5\libgcc.a(_copy_data.o)
 .text.libgcc.prologue
                0x00000000        0x0 c:/program files (x86)/atmel/studio/7.0/toolchain/avr8/avr8-gnu-toolchain/bin/../lib/gcc/avr/5.4.0/avr5\libgcc.a(_copy_data.o)
 .text.libgcc.builtins
                0x00000000        0x0 c:/program files (x86)/atmel/studio/7.0/toolchain/avr8/avr8-gnu-toolchain/bin/../lib/gcc/avr/5.4.0/avr5\libgcc.a(_copy_data.o)
 .text.libgcc.fmul
                0x00000000        0x0 c:/program files (x86)/atmel/studio/7.0/toolchain/avr8/avr8-gnu-toolchain/bin/../lib/gcc/avr/5.4.0/avr5\libgcc.a(_copy_data.o)
 .text.libgcc.fixed
                0x00000000        0x0 c:/program files (x86)/atmel/studio/7.0/toolchain/avr8/avr8-gnu-toolchain/bin/../lib/gcc/avr/5.4.0/avr5\libgcc.a(_copy_data.o)
 .text          0x00000000        0x0 c:/program files (x86)/atmel/studio/7.0/toolchain/avr8/avr8-gnu-toolchain/bin/../lib/gcc/avr/5.4.0/avr5\libgcc.a(_umulhisi3.o)
 .data          0x00000000        0x0 c:/program files (x86)/atmel/studio/7.0/toolchain/avr8/avr8-gnu-toolchain/bin/../lib/gcc/avr/5.4.0/avr5\libgcc.a(_umulhisi3.o)
 .bss           0x00000000        0x0 c:/program files (x86)/atmel/studio/7.0/toolchain/avr8/avr8-gnu-toolchain/bin/../lib/gcc/avr/5.4.0/avr5\libgcc.a(_umulhisi3.o)
 .text.libgcc.div
                0x00000000        0x0 c:/program files (x86)/atmel/studio/7.0/toolchain/avr8/avr8-gnu-toolchain/bin/../lib/gcc/avr/5.4.0/avr5\libgcc.a(_umulhisi3.o)
 .text.libgcc   0x00000000        0x0 c:/program files (x86)/atmel/studio/7.0/toolchain/avr8/avr8-gnu-toolchain/bin/../lib/gcc/avr/5.4.0/avr5\libgcc.a(_umulhisi3.o)
 .text.libgcc.prologue
                0x00000000        0x0 c:/program files (x86)/atmel/studio/7.0/toolchain/avr8/avr8-gnu-toolchain/bin/../lib/gcc/avr/5.4.0/avr5\libgcc.a(_umulhisi3.o)
 .text.libgcc.builtins
                0x00000000        0x0 c:/program files (x86)/atmel/studio/7.0/toolchain/avr8/avr8-gnu-toolchain/bin/../lib/gcc/avr/5.4.0/avr5\libgcc.a(_umulhisi3.o)
 .text.libgcc.fmul
                0x00000000        0x0 c:/program files (x86)/atmel/studio/7.0/toolchain/avr8/avr8-gnu-toolchain/bin/../lib/gcc/avr/5.4.0/avr5\libgcc.a(_umulhisi3.o)
 .text.libgcc.fixed
                0x00000000        0x0 c:/program files (x86)/atmel/studio/7.0/toolchain/avr8/avr8-gnu-toolchain/bin/../lib/gcc/avr/5.4.0/avr5\libgcc.a(_umulhisi3.o)

Memory Configuration

Name             Origin             Length             Attributes
text             0x00000000         0x00008000         xr
data             0x00800060         0x00000800         rw !x
eeprom           0x00810000         0x00000400         rw !x
fuse             0x00820000         0x00000002         rw !x
lock             0x00830000         0x00000400         rw !x
signature        0x00840000         0x00000400         rw !x
user_signatures  0x00850000         0x00000400         rw !x
*default*        0x00000000         0xffffffff

Linker script and memory map

LOAD C:/Program Files (x86)/Atmel/Studio/7.0/Packs/atmel/ATmega_DFP/1.7.374/gcc/dev/atmega32a/avr5/crtatmega32a.o
LOAD APP/ch1.o
LOAD HAL/Button/button.o
LOAD HAL/Button/button_cfg.o
LOAD HAL/KEYPAD/keypad.o
LOAD HAL/KEYPAD/keypad_cfg.o
LOAD HAL/LCD/LCD.o
LOAD HAL/LED/led.o
LOAD HAL/LED/led_cfg.o
LOAD HAL/SEVEN_SEGMEN/sevens_seg.o
LOAD HAL/SEVEN_SEGMEN/seven_seg_cfg.o
LOAD main.o
LOAD MCAL/DIO/dio.o
START GROUP
LOAD c:/program files (x86)/atmel/studio/7.0/toolchain/avr8/avr8-gnu-toolchain/bin/../lib/gcc/avr/5.4.0/../../../../avr/lib/avr5\libm.a
END GROUP
START GROUP
LOAD c:/program files (x86)/atmel/studio/7.0/toolchain/avr8/avr8-gnu-toolchain/bin/../lib/gcc/avr/5.4.0/avr5\libgcc.a
LOAD c:/program files (x86)/atmel/studio/7.0/toolchain/avr8/avr8-gnu-toolchain/bin/../lib/gcc/avr/5.4.0/../../../../avr/lib/avr5\libm.a
LOAD c:/program files (x86)/atmel/studio/7.0/toolchain/avr8/avr8-gnu-toolchain/bin/../lib/gcc/avr/5.4.0/../../../../avr/lib/avr5\libc.a
LOAD C:/Program Files (x86)/Atmel/Studio/7.0/Packs/atmel/ATmega_DFP/1.7.374/gcc/dev/atmega32a/avr5\libatmega32a.a
END GROUP
                [0x00000000]                __TEXT_REGION_ORIGIN__ = DEFINED (__TEXT_REGION_ORIGIN__)?__TEXT_REGION_ORIGIN__:0x0
                [0x00800060]                __DATA_REGION_ORIGIN__ = DEFINED (__DATA_REGION_ORIGIN__)?__DATA_REGION_ORIGIN__:0x800060
                [0x00008000]                __TEXT_REGION_LENGTH__ = DEFINED (__TEXT_REGION_LENGTH__)?__TEXT_REGION_LENGTH__:0x20000
                [0x00000800]                __DATA_REGION_LENGTH__ = DEFINED (__DATA_REGION_LENGTH__)?__DATA_REGION_LENGTH__:0xffa0
                [0x00000400]                __EEPROM_REGION_LENGTH__ = DEFINED (__EEPROM_REGION_LENGTH__)?__EEPROM_REGION_LENGTH__:0x10000
                [0x00000002]                __FUSE_REGION_LENGTH__ = DEFINED (__FUSE_REGION_LENGTH__)?__FUSE_REGION_LENGTH__:0x400
                0x00000400                __LOCK_REGION_LENGTH__ = DEFINED (__LOCK_REGION_LENGTH__)?__LOCK_REGION_LENGTH__:0x400
                0x00000400                __SIGNATURE_REGION_LENGTH__ = DEFINED (__SIGNATURE_REGION_LENGTH__)?__SIGNATURE_REGION_LENGTH__:0x400
                0x00000400                __USER_SIGNATURE_REGION_LENGTH__ = DEFINED (__USER_SIGNATURE_REGION_LENGTH__)?__USER_SIGNATURE_REGION_LENGTH__:0x400

.hash
 *(.hash)

.dynsym
 *(.dynsym)

.dynstr
 *(.dynstr)

.gnu.version
 *(.gnu.version)

.gnu.version_d
 *(.gnu.version_d)

.gnu.version_r
 *(.gnu.version_r)

.rel.init
 *(.rel.init)

.rela.init
 *(.rela.init)

.rel.text
 *(.rel.text)
 *(.rel.text.*)
 *(.rel.gnu.linkonce.t*)

.rela.text
 *(.rela.text)
 *(.rela.text.*)
 *(.rela.gnu.linkonce.t*)

.rel.fini
 *(.rel.fini)

.rela.fini
 *(.rela.fini)

.rel.rodata
 *(.rel.rodata)
 *(.rel.rodata.*)
 *(.rel.gnu.linkonce.r*)

.rela.rodata
 *(.rela.rodata)
 *(.rela.rodata.*)
 *(.rela.gnu.linkonce.r*)

.rel.data
 *(.rel.data)
 *(.rel.data.*)
 *(.rel.gnu.linkonce.d*)

.rela.data
 *(.rela.data)
 *(.rela.data.*)
 *(.rela.gnu.linkonce.d*)

.rel.ctors
 *(.rel.ctors)

.rela.ctors
 *(.rela.ctors)

.rel.dtors
 *(.rel.dtors)

.rela.dtors
 *(.rela.dtors)

.rel.got
 *(.rel.got)

.rela.got
 *(.rela.got)

.rel.bss
 *(.rel.bss)

.rela.bss
 *(.rela.bss)

.rel.plt
 *(.rel.plt)

.rela.plt
 *(.rela.plt)

.text           0x00000000      0x7e2
 *(.vectors)
 .vectors       0x00000000       0x54 C:/Program Files (x86)/Atmel/Studio/7.0/Packs/atmel/ATmega_DFP/1.7.374/gcc/dev/atmega32a/avr5/crtatmega32a.o
                0x00000000                __vector_default
                0x00000000                __vectors
 *(.vectors)
 *(.progmem.gcc*)
                0x00000054                . = ALIGN (0x2)
                0x00000054                __trampolines_start = .
 *(.trampolines)
 .trampolines   0x00000054        0x0 linker stubs
 *(.trampolines*)
                0x00000054                __trampolines_end = .
 *libprintf_flt.a:*(.progmem.data)
 *libc.a:*(.progmem.data)
 *(.progmem*)
                0x00000054                . = ALIGN (0x2)
 *(.jumptables)
 *(.jumptables*)
 *(.lowtext)
 *(.lowtext*)
                0x00000054                __ctors_start = .
 *(.ctors)
                0x00000054                __ctors_end = .
                0x00000054                __dtors_start = .
 *(.dtors)
                0x00000054                __dtors_end = .
 SORT(*)(.ctors)
 SORT(*)(.dtors)
 *(.init0)
 .init0         0x00000054        0x0 C:/Program Files (x86)/Atmel/Studio/7.0/Packs/atmel/ATmega_DFP/1.7.374/gcc/dev/atmega32a/avr5/crtatmega32a.o
                0x00000054                __init
 *(.init0)
 *(.init1)
 *(.init1)
 *(.init2)
 .init2         0x00000054        0xc C:/Program Files (x86)/Atmel/Studio/7.0/Packs/atmel/ATmega_DFP/1.7.374/gcc/dev/atmega32a/avr5/crtatmega32a.o
 *(.init2)
 *(.init3)
 *(.init3)
 *(.init4)
 .init4         0x00000060       0x16 c:/program files (x86)/atmel/studio/7.0/toolchain/avr8/avr8-gnu-toolchain/bin/../lib/gcc/avr/5.4.0/avr5\libgcc.a(_copy_data.o)
                0x00000060                __do_copy_data
 *(.init4)
 *(.init5)
 *(.init5)
 *(.init6)
 *(.init6)
 *(.init7)
 *(.init7)
 *(.init8)
 *(.init8)
 *(.init9)
 .init9         0x00000076        0x8 C:/Program Files (x86)/Atmel/Studio/7.0/Packs/atmel/ATmega_DFP/1.7.374/gcc/dev/atmega32a/avr5/crtatmega32a.o
 *(.init9)
 *(.text)
 .text          0x0000007e        0x4 C:/Program Files (x86)/Atmel/Studio/7.0/Packs/atmel/ATmega_DFP/1.7.374/gcc/dev/atmega32a/avr5/crtatmega32a.o
                0x0000007e                __vector_1
                0x0000007e                __vector_12
                0x0000007e                __bad_interrupt
                0x0000007e                __vector_6
                0x0000007e                __vector_3
                0x0000007e                __vector_11
                0x0000007e                __vector_13
                0x0000007e                __vector_17
                0x0000007e                __vector_19
                0x0000007e                __vector_7
                0x0000007e                __vector_5
                0x0000007e                __vector_4
                0x0000007e                __vector_9
                0x0000007e                __vector_2
                0x0000007e                __vector_15
                0x0000007e                __vector_8
                0x0000007e                __vector_14
                0x0000007e                __vector_10
                0x0000007e                __vector_16
                0x0000007e                __vector_18
                0x0000007e                __vector_20
                0x00000082                . = ALIGN (0x2)
 *(.text.*)
 .text.button_viInit
                0x00000082       0x2e HAL/Button/button.o
                0x00000082                button_viInit
 .text.button_getState
                0x000000b0       0xc6 HAL/Button/button.o
                0x000000b0                button_getState
 .text.led_viInit
                0x00000176       0x2e HAL/LED/led.o
                0x00000176                led_viInit
 .text.led_viOn
                0x000001a4       0x7c HAL/LED/led.o
                0x000001a4                led_viOn
 .text.led_viOff
                0x00000220       0x7c HAL/LED/led.o
                0x00000220                led_viOff
 .text.SSD_vInit
                0x0000029c       0x52 HAL/SEVEN_SEGMEN/sevens_seg.o
                0x0000029c                SSD_vInit
 .text.SSD_vDisplayDigit
                0x000002ee      0x12c HAL/SEVEN_SEGMEN/sevens_seg.o
                0x000002ee                SSD_vDisplayDigit
 .text.SSD_vDisplayNum
                0x0000041a       0xd6 HAL/SEVEN_SEGMEN/sevens_seg.o
                0x0000041a                SSD_vDisplayNum
 .text.main     0x000004f0       0xc0 main.o
                0x000004f0                main
 .text.dio_vidConfigChannel
                0x000005b0       0xda MCAL/DIO/dio.o
                0x000005b0                dio_vidConfigChannel
 .text.dio_vidWriteChannel
                0x0000068a       0xda MCAL/DIO/dio.o
                0x0000068a                dio_vidWriteChannel
 .text.dio_dioLevelReadChannel
                0x00000764       0x5c MCAL/DIO/dio.o
                0x00000764                dio_dioLevelReadChannel
 .text.libgcc.mul
                0x000007c0       0x1e c:/program files (x86)/atmel/studio/7.0/toolchain/avr8/avr8-gnu-toolchain/bin/../lib/gcc/avr/5.4.0/avr5\libgcc.a(_umulhisi3.o)
                0x000007c0                __umulhisi3
                0x000007de                . = ALIGN (0x2)
 *(.fini9)
 .fini9         0x000007de        0x0 c:/program files (x86)/atmel/studio/7.0/toolchain/avr8/avr8-gnu-toolchain/bin/../lib/gcc/avr/5.4.0/avr5\libgcc.a(_exit.o)
                0x000007de                _exit
                0x000007de                exit
 *(.fini9)
 *(.fini8)
 *(.fini8)
 *(.fini7)
 *(.fini7)
 *(.fini6)
 *(.fini6)
 *(.fini5)
 *(.fini5)
 *(.fini4)
 *(.fini4)
 *(.fini3)
 *(.fini3)
 *(.fini2)
 *(.fini2)
 *(.fini1)
 *(.fini1)
 *(.fini0)
 .fini0         0x000007de        0x4 c:/program files (x86)/atmel/studio/7.0/toolchain/avr8/avr8-gnu-toolchain/bin/../lib/gcc/avr/5.4.0/avr5\libgcc.a(_exit.o)
 *(.fini0)
                0x000007e2                _etext = .

.data           0x00800060       0x22 load address 0x000007e2
                0x00800060                PROVIDE (__data_start, .)
 *(.data)
 *(.data*)
 .data.Buttons_count
                0x00800060        0x1 HAL/Button/button_cfg.o
                0x00800060                Buttons_count
 .data.Button_configurations
                0x00800061       0x10 HAL/Button/button_cfg.o
                0x00800061                Button_configurations
 .data.ledsCount
                0x00800071        0x1 HAL/LED/led_cfg.o
                0x00800071                ledsCount
 .data.ledsConfigurations
                0x00800072       0x10 HAL/LED/led_cfg.o
                0x00800072                ledsConfigurations
 *(.gnu.linkonce.d*)
 *(.rodata)
 *(.rodata*)
 *(.gnu.linkonce.r*)
                0x00800082                . = ALIGN (0x2)
                0x00800082                _edata = .
                0x00800082                PROVIDE (__data_end, .)

.bss            0x00800082        0x0
                [!provide]                PROVIDE (__bss_start, .)
 *(.bss)
 *(.bss*)
 *(COMMON)
                [!provide]                PROVIDE (__bss_end, .)
                0x000007e2                __data_load_start = LOADADDR (.data)
                0x00000804                __data_load_end = (__data_load_start + SIZEOF (.data))

.noinit         0x00800082        0x0
                [!provide]                PROVIDE (__noinit_start, .)
 *(.noinit*)
                [!provide]                PROVIDE (__noinit_end, .)
                0x00800082                _end = .
                [!provide]                PROVIDE (__heap_start, .)

.eeprom         0x00810000        0x0
 *(.eeprom*)
                0x00810000                __eeprom_end = .

.fuse
 *(.fuse)
 *(.lfuse)
 *(.hfuse)
 *(.efuse)

.lock
 *(.lock*)

.signature
 *(.signature*)

.user_signatures
 *(.user_signatures*)

.stab
 *(.stab)

.stabstr
 *(.stabstr)

.stab.excl
 *(.stab.excl)

.stab.exclstr
 *(.stab.exclstr)

.stab.index
 *(.stab.index)

.stab.indexstr
 *(.stab.indexstr)

.comment        0x00000000       0x30
 *(.comment)
 .comment       0x00000000       0x30 HAL/Button/button.o
                                 0x31 (size before relaxing)
 .comment       0x00000030       0x31 HAL/Button/button_cfg.o
 .comment       0x00000030       0x31 HAL/LED/led.o
 .comment       0x00000030       0x31 HAL/LED/led_cfg.o
 .comment       0x00000030       0x31 HAL/SEVEN_SEGMEN/sevens_seg.o
 .comment       0x00000030       0x31 main.o
 .comment       0x00000030       0x31 MCAL/DIO/dio.o

.note.gnu.avr.deviceinfo
                0x00000000       0x3c
 .note.gnu.avr.deviceinfo
                0x00000000       0x3c C:/Program Files (x86)/Atmel/Studio/7.0/Packs/atmel/ATmega_DFP/1.7.374/gcc/dev/atmega32a/avr5/crtatmega32a.o

.note.gnu.build-id
 *(.note.gnu.build-id)

.debug
 *(.debug)

.line
 *(.line)

.debug_srcinfo
 *(.debug_srcinfo)

.debug_sfnames
 *(.debug_sfnames)

.debug_aranges  0x00000000      0x130
 *(.debug_aranges)
 .debug_aranges
                0x00000000       0x28 HAL/Button/button.o
 .debug_aranges
                0x00000028       0x18 HAL/Button/button_cfg.o
 .debug_aranges
                0x00000040       0x38 HAL/LED/led.o
 .debug_aranges
                0x00000078       0x18 HAL/LED/led_cfg.o
 .debug_aranges
                0x00000090       0x30 HAL/SEVEN_SEGMEN/sevens_seg.o
 .debug_aranges
                0x000000c0       0x20 main.o
 .debug_aranges
                0x000000e0       0x50 MCAL/DIO/dio.o

.debug_pubnames
 *(.debug_pubnames)

.debug_info     0x00000000     0x1b5b
 *(.debug_info .gnu.linkonce.wi.*)
 .debug_info    0x00000000      0x4e6 C:/Program Files (x86)/Atmel/Studio/7.0/Packs/atmel/ATmega_DFP/1.7.374/gcc/dev/atmega32a/avr5/crtatmega32a.o
 .debug_info    0x000004e6      0x2c7 HAL/Button/button.o
 .debug_info    0x000007ad      0x1b9 HAL/Button/button_cfg.o
 .debug_info    0x00000966      0x333 HAL/LED/led.o
 .debug_info    0x00000c99      0x1b3 HAL/LED/led_cfg.o
 .debug_info    0x00000e4c      0x725 HAL/SEVEN_SEGMEN/sevens_seg.o
 .debug_info    0x00001571      0x2ac main.o
 .debug_info    0x0000181d      0x33e MCAL/DIO/dio.o

.debug_abbrev   0x00000000      0xb7d
 *(.debug_abbrev)
 .debug_abbrev  0x00000000      0x4a3 C:/Program Files (x86)/Atmel/Studio/7.0/Packs/atmel/ATmega_DFP/1.7.374/gcc/dev/atmega32a/avr5/crtatmega32a.o
 .debug_abbrev  0x000004a3      0x116 HAL/Button/button.o
 .debug_abbrev  0x000005b9       0x8c HAL/Button/button_cfg.o
 .debug_abbrev  0x00000645      0x107 HAL/LED/led.o
 .debug_abbrev  0x0000074c       0x8c HAL/LED/led_cfg.o
 .debug_abbrev  0x000007d8      0x196 HAL/SEVEN_SEGMEN/sevens_seg.o
 .debug_abbrev  0x0000096e       0xcf main.o
 .debug_abbrev  0x00000a3d      0x140 MCAL/DIO/dio.o

.debug_line     0x00000000      0xcb1
 *(.debug_line .debug_line.* .debug_line_end)
 .debug_line    0x00000000      0x116 C:/Program Files (x86)/Atmel/Studio/7.0/Packs/atmel/ATmega_DFP/1.7.374/gcc/dev/atmega32a/avr5/crtatmega32a.o
 .debug_line    0x00000116      0x181 HAL/Button/button.o
 .debug_line    0x00000297       0x8c HAL/Button/button_cfg.o
 .debug_line    0x00000323      0x19f HAL/LED/led.o
 .debug_line    0x000004c2       0x80 HAL/LED/led_cfg.o
 .debug_line    0x00000542      0x30a HAL/SEVEN_SEGMEN/sevens_seg.o
 .debug_line    0x0000084c      0x191 main.o
 .debug_line    0x000009dd      0x2d4 MCAL/DIO/dio.o

.debug_frame    0x00000000      0x1cc
 *(.debug_frame)
 .debug_frame   0x00000000       0x44 HAL/Button/button.o
 .debug_frame   0x00000044       0x80 HAL/LED/led.o
 .debug_frame   0x000000c4       0x60 HAL/SEVEN_SEGMEN/sevens_seg.o
 .debug_frame   0x00000124       0x24 main.o
 .debug_frame   0x00000148       0x84 MCAL/DIO/dio.o

.debug_str      0x00000000      0x7a5
 *(.debug_str)
 .debug_str     0x00000000      0x196 C:/Program Files (x86)/Atmel/Studio/7.0/Packs/atmel/ATmega_DFP/1.7.374/gcc/dev/atmega32a/avr5/crtatmega32a.o
 .debug_str     0x00000196      0x34a HAL/Button/button.o
                                0x379 (size before relaxing)
 .debug_str     0x000004e0       0x24 HAL/Button/button_cfg.o
                                0x2ba (size before relaxing)
 .debug_str     0x00000504      0x119 HAL/LED/led.o
                                0x333 (size before relaxing)
 .debug_str     0x0000061d       0x15 HAL/LED/led_cfg.o
                                0x2ad (size before relaxing)
 .debug_str     0x00000632       0xd3 HAL/SEVEN_SEGMEN/sevens_seg.o
                                0x306 (size before relaxing)
 .debug_str     0x00000705       0x11 main.o
                                0x260 (size before relaxing)
 .debug_str     0x00000716       0x8f MCAL/DIO/dio.o
                                0x306 (size before relaxing)

.debug_loc      0x00000000      0xc28
 *(.debug_loc)
 .debug_loc     0x00000000      0x153 HAL/Button/button.o
 .debug_loc     0x00000153      0x207 HAL/LED/led.o
 .debug_loc     0x0000035a      0x282 HAL/SEVEN_SEGMEN/sevens_seg.o
 .debug_loc     0x000005dc       0x8b main.o
 .debug_loc     0x00000667      0x5c1 MCAL/DIO/dio.o

.debug_macinfo
 *(.debug_macinfo)

.debug_weaknames
 *(.debug_weaknames)

.debug_funcnames
 *(.debug_funcnames)

.debug_typenames
 *(.debug_typenames)

.debug_varnames
 *(.debug_varnames)

.debug_pubtypes
 *(.debug_pubtypes)

.debug_ranges   0x00000000       0xb0
 *(.debug_ranges)
 .debug_ranges  0x00000000       0x18 HAL/Button/button.o
 .debug_ranges  0x00000018       0x28 HAL/LED/led.o
 .debug_ranges  0x00000040       0x20 HAL/SEVEN_SEGMEN/sevens_seg.o
 .debug_ranges  0x00000060       0x10 main.o
 .debug_ranges  0x00000070       0x40 MCAL/DIO/dio.o

.debug_macro
 *(.debug_macro)
OUTPUT(NTI_AVR_Drivers.elf elf32-avr)
LOAD linker stubs
