Archive member included to satisfy reference by file (symbol)

c:/program files (x86)/atmel/studio/7.0/toolchain/avr8/avr8-gnu-toolchain/bin/../lib/gcc/avr/5.4.0/avr5\libgcc.a(_exit.o)
                              C:/Program Files (x86)/Atmel/Studio/7.0/Packs/atmel/ATmega_DFP/1.7.374/gcc/dev/atmega32a/avr5/crtatmega32a.o (exit)
c:/program files (x86)/atmel/studio/7.0/toolchain/avr8/avr8-gnu-toolchain/bin/../lib/gcc/avr/5.4.0/avr5\libgcc.a(_copy_data.o)
                              APP/Ch1_PasswordbyTicks.o (__do_copy_data)
c:/program files (x86)/atmel/studio/7.0/toolchain/avr8/avr8-gnu-toolchain/bin/../lib/gcc/avr/5.4.0/avr5\libgcc.a(_clear_bss.o)
                              APP/FastPWMwithbuzzer.o (__do_clear_bss)
c:/program files (x86)/atmel/studio/7.0/toolchain/avr8/avr8-gnu-toolchain/bin/../lib/gcc/avr/5.4.0/avr5\libgcc.a(_umulhisi3.o)
                              HAL/SEVEN_SEGMEN/sevens_seg.o (__umulhisi3)
c:/program files (x86)/atmel/studio/7.0/toolchain/avr8/avr8-gnu-toolchain/bin/../lib/gcc/avr/5.4.0/avr5\libgcc.a(_muluhisi3.o)
                              MCAL/TIMER0/timer0.o (__muluhisi3)
c:/program files (x86)/atmel/studio/7.0/toolchain/avr8/avr8-gnu-toolchain/bin/../lib/gcc/avr/5.4.0/avr5\libgcc.a(_udivdi3.o)
                              MCAL/TIMER0/timer0.o (__udivdi3)
c:/program files (x86)/atmel/studio/7.0/toolchain/avr8/avr8-gnu-toolchain/bin/../lib/gcc/avr/5.4.0/avr5\libgcc.a(_udivmod64.o)
                              c:/program files (x86)/atmel/studio/7.0/toolchain/avr8/avr8-gnu-toolchain/bin/../lib/gcc/avr/5.4.0/avr5\libgcc.a(_udivdi3.o) (__udivmod64)
c:/program files (x86)/atmel/studio/7.0/toolchain/avr8/avr8-gnu-toolchain/bin/../lib/gcc/avr/5.4.0/avr5\libgcc.a(_ashldi3.o)
                              MCAL/TIMER0/timer0.o (__ashldi3)
c:/program files (x86)/atmel/studio/7.0/toolchain/avr8/avr8-gnu-toolchain/bin/../lib/gcc/avr/5.4.0/avr5\libgcc.a(_ashrdi3.o)
                              MCAL/TIMER0/timer0.o (__lshrdi3)
c:/program files (x86)/atmel/studio/7.0/toolchain/avr8/avr8-gnu-toolchain/bin/../lib/gcc/avr/5.4.0/avr5\libgcc.a(_adddi3.o)
                              MCAL/TIMER0/timer0.o (__adddi3)
c:/program files (x86)/atmel/studio/7.0/toolchain/avr8/avr8-gnu-toolchain/bin/../lib/gcc/avr/5.4.0/avr5\libgcc.a(_cmpdi2.o)
                              MCAL/TIMER0/timer0.o (__cmpdi2)
c:/program files (x86)/atmel/studio/7.0/toolchain/avr8/avr8-gnu-toolchain/bin/../lib/gcc/avr/5.4.0/../../../../avr/lib/avr5\libc.a(itoa_ncheck.o)
                              main.o (__itoa_ncheck)
c:/program files (x86)/atmel/studio/7.0/toolchain/avr8/avr8-gnu-toolchain/bin/../lib/gcc/avr/5.4.0/../../../../avr/lib/avr5\libc.a(utoa_ncheck.o)
                              c:/program files (x86)/atmel/studio/7.0/toolchain/avr8/avr8-gnu-toolchain/bin/../lib/gcc/avr/5.4.0/../../../../avr/lib/avr5\libc.a(itoa_ncheck.o) (__utoa_common)
c:/program files (x86)/atmel/studio/7.0/toolchain/avr8/avr8-gnu-toolchain/bin/../lib/gcc/avr/5.4.0/../../../../avr/lib/avr5\libc.a(strrev.o)
                              c:/program files (x86)/atmel/studio/7.0/toolchain/avr8/avr8-gnu-toolchain/bin/../lib/gcc/avr/5.4.0/../../../../avr/lib/avr5\libc.a(utoa_ncheck.o) (strrev)

Allocating common symbols
Common symbol       size              file

EXTI1_callback      0x2               MCAL/EXTI/EXTI_prog.o
T0_OC_CallBackFun   0x2               MCAL/TIMER0/timer0.o
EXTI2_callback      0x2               MCAL/EXTI/EXTI_prog.o
T0_OVF_CallBackFun  0x2               MCAL/TIMER0/timer0.o
EXTI0_callback      0x2               MCAL/EXTI/EXTI_prog.o
GP_ADC_Callback     0x2               MCAL/ADC/ADC.o
ovfs                0x4               APP/FastPWMwithbuzzer.o

Discarded input sections

 .data          0x00000000        0x0 C:/Program Files (x86)/Atmel/Studio/7.0/Packs/atmel/ATmega_DFP/1.7.374/gcc/dev/atmega32a/avr5/crtatmega32a.o
 .bss           0x00000000        0x0 C:/Program Files (x86)/Atmel/Studio/7.0/Packs/atmel/ATmega_DFP/1.7.374/gcc/dev/atmega32a/avr5/crtatmega32a.o
 .text          0x00000000        0x0 APP/Ch1_PasswordbyTicks.o
 .data          0x00000000        0x0 APP/Ch1_PasswordbyTicks.o
 .bss           0x00000000        0x0 APP/Ch1_PasswordbyTicks.o
 .rodata.str1.1
                0x00000000       0x3e APP/Ch1_PasswordbyTicks.o
 .text.ChangePassword
                0x00000000       0x6c APP/Ch1_PasswordbyTicks.o
 .text.main1    0x00000000      0x1f4 APP/Ch1_PasswordbyTicks.o
 .data.nPress3  0x00000000        0x1 APP/Ch1_PasswordbyTicks.o
 .data.nPress2  0x00000000        0x1 APP/Ch1_PasswordbyTicks.o
 .data.nPress1  0x00000000        0x1 APP/Ch1_PasswordbyTicks.o
 .debug_info    0x00000000      0x661 APP/Ch1_PasswordbyTicks.o
 .debug_abbrev  0x00000000      0x15e APP/Ch1_PasswordbyTicks.o
 .debug_loc     0x00000000      0x2a2 APP/Ch1_PasswordbyTicks.o
 .debug_aranges
                0x00000000       0x28 APP/Ch1_PasswordbyTicks.o
 .debug_ranges  0x00000000       0x18 APP/Ch1_PasswordbyTicks.o
 .debug_line    0x00000000      0x3e8 APP/Ch1_PasswordbyTicks.o
 .debug_str     0x00000000      0x3b6 APP/Ch1_PasswordbyTicks.o
 .comment       0x00000000       0x31 APP/Ch1_PasswordbyTicks.o
 .debug_frame   0x00000000       0x34 APP/Ch1_PasswordbyTicks.o
 .text          0x00000000        0x0 APP/Ch2_sStopWatch.o
 .data          0x00000000        0x0 APP/Ch2_sStopWatch.o
 .bss           0x00000000        0x0 APP/Ch2_sStopWatch.o
 .text.main3    0x00000000       0xc0 APP/Ch2_sStopWatch.o
 .debug_info    0x00000000      0x2ac APP/Ch2_sStopWatch.o
 .debug_abbrev  0x00000000       0xcf APP/Ch2_sStopWatch.o
 .debug_loc     0x00000000       0x8b APP/Ch2_sStopWatch.o
 .debug_aranges
                0x00000000       0x20 APP/Ch2_sStopWatch.o
 .debug_ranges  0x00000000       0x10 APP/Ch2_sStopWatch.o
 .debug_line    0x00000000      0x1a4 APP/Ch2_sStopWatch.o
 .debug_str     0x00000000      0x26d APP/Ch2_sStopWatch.o
 .comment       0x00000000       0x31 APP/Ch2_sStopWatch.o
 .debug_frame   0x00000000       0x24 APP/Ch2_sStopWatch.o
 .text          0x00000000        0x0 APP/FastPWMwithbuzzer.o
 .data          0x00000000        0x0 APP/FastPWMwithbuzzer.o
 .bss           0x00000000        0x0 APP/FastPWMwithbuzzer.o
 .text.mainpWM1
                0x00000000       0x62 APP/FastPWMwithbuzzer.o
 .debug_info    0x00000000      0x2cd APP/FastPWMwithbuzzer.o
 .debug_abbrev  0x00000000      0x15c APP/FastPWMwithbuzzer.o
 .debug_loc     0x00000000       0xa7 APP/FastPWMwithbuzzer.o
 .debug_aranges
                0x00000000       0x20 APP/FastPWMwithbuzzer.o
 .debug_ranges  0x00000000       0x10 APP/FastPWMwithbuzzer.o
 .debug_line    0x00000000      0x1e9 APP/FastPWMwithbuzzer.o
 .debug_str     0x00000000      0x31b APP/FastPWMwithbuzzer.o
 .comment       0x00000000       0x31 APP/FastPWMwithbuzzer.o
 .debug_frame   0x00000000       0x34 APP/FastPWMwithbuzzer.o
 COMMON         0x00000000        0x4 APP/FastPWMwithbuzzer.o
 .text          0x00000000        0x0 APP/Timer_NormalMode.o
 .data          0x00000000        0x0 APP/Timer_NormalMode.o
 .bss           0x00000000        0x0 APP/Timer_NormalMode.o
 .text.tovfISR  0x00000000       0x28 APP/Timer_NormalMode.o
 .text.mainTN   0x00000000       0x7e APP/Timer_NormalMode.o
 .debug_info    0x00000000      0x207 APP/Timer_NormalMode.o
 .debug_abbrev  0x00000000       0xee APP/Timer_NormalMode.o
 .debug_loc     0x00000000       0x48 APP/Timer_NormalMode.o
 .debug_aranges
                0x00000000       0x28 APP/Timer_NormalMode.o
 .debug_ranges  0x00000000       0x18 APP/Timer_NormalMode.o
 .debug_line    0x00000000      0x103 APP/Timer_NormalMode.o
 .debug_str     0x00000000      0x26e APP/Timer_NormalMode.o
 .comment       0x00000000       0x31 APP/Timer_NormalMode.o
 .debug_frame   0x00000000       0x44 APP/Timer_NormalMode.o
 .text          0x00000000        0x0 HAL/Button/button.o
 .data          0x00000000        0x0 HAL/Button/button.o
 .bss           0x00000000        0x0 HAL/Button/button.o
 .text.button_getState
                0x00000000       0xc6 HAL/Button/button.o
 .text          0x00000000        0x0 HAL/Button/button_cfg.o
 .data          0x00000000        0x0 HAL/Button/button_cfg.o
 .bss           0x00000000        0x0 HAL/Button/button_cfg.o
 .text          0x00000000        0x0 HAL/KEYPAD/keypad.o
 .data          0x00000000        0x0 HAL/KEYPAD/keypad.o
 .bss           0x00000000        0x0 HAL/KEYPAD/keypad.o
 .text.KeyPad_init
                0x00000000       0x76 HAL/KEYPAD/keypad.o
 .text.GetKeyPressed
                0x00000000      0x156 HAL/KEYPAD/keypad.o
 .debug_info    0x00000000      0x3c0 HAL/KEYPAD/keypad.o
 .debug_abbrev  0x00000000      0x137 HAL/KEYPAD/keypad.o
 .debug_loc     0x00000000      0x2ac HAL/KEYPAD/keypad.o
 .debug_aranges
                0x00000000       0x28 HAL/KEYPAD/keypad.o
 .debug_ranges  0x00000000       0x18 HAL/KEYPAD/keypad.o
 .debug_line    0x00000000      0x1b0 HAL/KEYPAD/keypad.o
 .debug_str     0x00000000      0x3c9 HAL/KEYPAD/keypad.o
 .comment       0x00000000       0x31 HAL/KEYPAD/keypad.o
 .debug_frame   0x00000000       0x98 HAL/KEYPAD/keypad.o
 .text          0x00000000        0x0 HAL/KEYPAD/keypad_cfg.o
 .data          0x00000000        0x0 HAL/KEYPAD/keypad_cfg.o
 .bss           0x00000000        0x0 HAL/KEYPAD/keypad_cfg.o
 .data.KeypadsCount
                0x00000000        0x1 HAL/KEYPAD/keypad_cfg.o
 .data.KeypadChars
                0x00000000       0x10 HAL/KEYPAD/keypad_cfg.o
 .data.Keypads  0x00000000       0x19 HAL/KEYPAD/keypad_cfg.o
 .debug_info    0x00000000      0x21c HAL/KEYPAD/keypad_cfg.o
 .debug_abbrev  0x00000000       0x8c HAL/KEYPAD/keypad_cfg.o
 .debug_aranges
                0x00000000       0x18 HAL/KEYPAD/keypad_cfg.o
 .debug_line    0x00000000       0x80 HAL/KEYPAD/keypad_cfg.o
 .debug_str     0x00000000      0x2d1 HAL/KEYPAD/keypad_cfg.o
 .comment       0x00000000       0x31 HAL/KEYPAD/keypad_cfg.o
 .text          0x00000000        0x0 HAL/LCD/LCD.o
 .data          0x00000000        0x0 HAL/LCD/LCD.o
 .bss           0x00000000        0x0 HAL/LCD/LCD.o
 .text.LCD_ClearDisplay
                0x00000000       0x26 HAL/LCD/LCD.o
 .text.LCD_CreatCustomChar
                0x00000000       0x44 HAL/LCD/LCD.o
 .text.LCD_WriteCustomChar
                0x00000000       0x28 HAL/LCD/LCD.o
 .text          0x00000000        0x0 HAL/LED/led.o
 .data          0x00000000        0x0 HAL/LED/led.o
 .bss           0x00000000        0x0 HAL/LED/led.o
 .text.led_viOn
                0x00000000       0x7c HAL/LED/led.o
 .text.led_viOff
                0x00000000       0x7c HAL/LED/led.o
 .text          0x00000000        0x0 HAL/LED/led_cfg.o
 .data          0x00000000        0x0 HAL/LED/led_cfg.o
 .bss           0x00000000        0x0 HAL/LED/led_cfg.o
 .text          0x00000000        0x0 HAL/SEVEN_SEGMEN/sevens_seg.o
 .data          0x00000000        0x0 HAL/SEVEN_SEGMEN/sevens_seg.o
 .bss           0x00000000        0x0 HAL/SEVEN_SEGMEN/sevens_seg.o
 .text.SSD_vInit
                0x00000000       0x52 HAL/SEVEN_SEGMEN/sevens_seg.o
 .text.SSD_vDisplayDigit
                0x00000000      0x12c HAL/SEVEN_SEGMEN/sevens_seg.o
 .text.SSD_vDisplayNum
                0x00000000       0xd6 HAL/SEVEN_SEGMEN/sevens_seg.o
 .debug_info    0x00000000      0x725 HAL/SEVEN_SEGMEN/sevens_seg.o
 .debug_abbrev  0x00000000      0x196 HAL/SEVEN_SEGMEN/sevens_seg.o
 .debug_loc     0x00000000      0x282 HAL/SEVEN_SEGMEN/sevens_seg.o
 .debug_aranges
                0x00000000       0x30 HAL/SEVEN_SEGMEN/sevens_seg.o
 .debug_ranges  0x00000000       0x20 HAL/SEVEN_SEGMEN/sevens_seg.o
 .debug_line    0x00000000      0x311 HAL/SEVEN_SEGMEN/sevens_seg.o
 .debug_str     0x00000000      0x306 HAL/SEVEN_SEGMEN/sevens_seg.o
 .comment       0x00000000       0x31 HAL/SEVEN_SEGMEN/sevens_seg.o
 .debug_frame   0x00000000       0x60 HAL/SEVEN_SEGMEN/sevens_seg.o
 .text          0x00000000        0x0 HAL/SEVEN_SEGMEN/seven_seg_cfg.o
 .data          0x00000000        0x0 HAL/SEVEN_SEGMEN/seven_seg_cfg.o
 .bss           0x00000000        0x0 HAL/SEVEN_SEGMEN/seven_seg_cfg.o
 .debug_line    0x00000000        0x0 HAL/SEVEN_SEGMEN/seven_seg_cfg.o
 .debug_str     0x00000000      0x11f HAL/SEVEN_SEGMEN/seven_seg_cfg.o
 .comment       0x00000000       0x31 HAL/SEVEN_SEGMEN/seven_seg_cfg.o
 .text          0x00000000        0x0 HAL/UnipolarStepperMotor/UnipolarStepperMotor_cfg.o
 .data          0x00000000        0x0 HAL/UnipolarStepperMotor/UnipolarStepperMotor_cfg.o
 .bss           0x00000000        0x0 HAL/UnipolarStepperMotor/UnipolarStepperMotor_cfg.o
 .data.uStpMotor_ConfigCounts
                0x00000000        0x1 HAL/UnipolarStepperMotor/UnipolarStepperMotor_cfg.o
 .data.uStpMotor_Configurations
                0x00000000        0x3 HAL/UnipolarStepperMotor/UnipolarStepperMotor_cfg.o
 .debug_info    0x00000000      0x13a HAL/UnipolarStepperMotor/UnipolarStepperMotor_cfg.o
 .debug_abbrev  0x00000000       0x8c HAL/UnipolarStepperMotor/UnipolarStepperMotor_cfg.o
 .debug_aranges
                0x00000000       0x18 HAL/UnipolarStepperMotor/UnipolarStepperMotor_cfg.o
 .debug_line    0x00000000       0xb1 HAL/UnipolarStepperMotor/UnipolarStepperMotor_cfg.o
 .debug_str     0x00000000      0x29b HAL/UnipolarStepperMotor/UnipolarStepperMotor_cfg.o
 .comment       0x00000000       0x31 HAL/UnipolarStepperMotor/UnipolarStepperMotor_cfg.o
 .text          0x00000000        0x0 HAL/UnipolarStepperMotor/UnipolarStepperMotor.o
 .data          0x00000000        0x0 HAL/UnipolarStepperMotor/UnipolarStepperMotor.o
 .bss           0x00000000        0x0 HAL/UnipolarStepperMotor/UnipolarStepperMotor.o
 .text.uStepMotor_voidInit
                0x00000000       0x7a HAL/UnipolarStepperMotor/UnipolarStepperMotor.o
 .text.uStepMotor_voidRoteCW
                0x00000000      0x31a HAL/UnipolarStepperMotor/UnipolarStepperMotor.o
 .text.uStepMotor_voidRoteACW
                0x00000000      0x31a HAL/UnipolarStepperMotor/UnipolarStepperMotor.o
 .debug_info    0x00000000      0x789 HAL/UnipolarStepperMotor/UnipolarStepperMotor.o
 .debug_abbrev  0x00000000      0x14d HAL/UnipolarStepperMotor/UnipolarStepperMotor.o
 .debug_loc     0x00000000      0x4b4 HAL/UnipolarStepperMotor/UnipolarStepperMotor.o
 .debug_aranges
                0x00000000       0x30 HAL/UnipolarStepperMotor/UnipolarStepperMotor.o
 .debug_ranges  0x00000000       0x20 HAL/UnipolarStepperMotor/UnipolarStepperMotor.o
 .debug_line    0x00000000      0x425 HAL/UnipolarStepperMotor/UnipolarStepperMotor.o
 .debug_str     0x00000000      0x2f1 HAL/UnipolarStepperMotor/UnipolarStepperMotor.o
 .comment       0x00000000       0x31 HAL/UnipolarStepperMotor/UnipolarStepperMotor.o
 .debug_frame   0x00000000       0x8c HAL/UnipolarStepperMotor/UnipolarStepperMotor.o
 .text          0x00000000        0x0 main.o
 .data          0x00000000        0x0 main.o
 .bss           0x00000000        0x0 main.o
 .text          0x00000000        0x0 MCAL/ADC/ADC.o
 .data          0x00000000        0x0 MCAL/ADC/ADC.o
 .bss           0x00000000        0x0 MCAL/ADC/ADC.o
 .text.ADC_voidDisable
                0x00000000        0x8 MCAL/ADC/ADC.o
 .text.ADC_voidAutoTrigger
                0x00000000       0x20 MCAL/ADC/ADC.o
 .text.ADC_u16ReadADCwithBlock
                0x00000000       0x34 MCAL/ADC/ADC.o
 .text.ADC_u16ReadADC
                0x00000000       0x30 MCAL/ADC/ADC.o
 .text.ADC_voidReadAllNoBlock_ISR
                0x00000000       0x6a MCAL/ADC/ADC.o
 .text.ADC_u16ReadADCInMV
                0x00000000       0x3c MCAL/ADC/ADC.o
 .text.ADC_voidReadAllNoBlock
                0x00000000       0x28 MCAL/ADC/ADC.o
 .text.ADC_voidReadAllBlocking
                0x00000000       0x70 MCAL/ADC/ADC.o
 .bss.channelIndex.1918
                0x00000000        0x1 MCAL/ADC/ADC.o
 .bss.readingsArr
                0x00000000       0x10 MCAL/ADC/ADC.o
 .text          0x00000000        0x0 MCAL/ADC/ADC_cfg.o
 .data          0x00000000        0x0 MCAL/ADC/ADC_cfg.o
 .bss           0x00000000        0x0 MCAL/ADC/ADC_cfg.o
 .text          0x00000000        0x0 MCAL/DIO/dio.o
 .data          0x00000000        0x0 MCAL/DIO/dio.o
 .bss           0x00000000        0x0 MCAL/DIO/dio.o
 .text.dio_vidWriteChannelGroup
                0x00000000       0xa8 MCAL/DIO/dio.o
 .text.dio_vidReadChannelGroup
                0x00000000       0x74 MCAL/DIO/dio.o
 .text.dio_dioLevelReadChannel
                0x00000000       0x5e MCAL/DIO/dio.o
 .text.dio_vidEnablePullUp
                0x00000000       0xba MCAL/DIO/dio.o
 .text          0x00000000        0x0 MCAL/DIO/dio_cfg.o
 .data          0x00000000        0x0 MCAL/DIO/dio_cfg.o
 .bss           0x00000000        0x0 MCAL/DIO/dio_cfg.o
 .debug_line    0x00000000        0x0 MCAL/DIO/dio_cfg.o
 .debug_str     0x00000000      0x111 MCAL/DIO/dio_cfg.o
 .comment       0x00000000       0x31 MCAL/DIO/dio_cfg.o
 .text          0x00000000        0x0 MCAL/EXTI/EXTI_prog.o
 .data          0x00000000        0x0 MCAL/EXTI/EXTI_prog.o
 .bss           0x00000000        0x0 MCAL/EXTI/EXTI_prog.o
 .text.EXTI_DeInit
                0x00000000       0x24 MCAL/EXTI/EXTI_prog.o
 .text          0x00000000        0x0 MCAL/TIMER0/timer0.o
 .data          0x00000000        0x0 MCAL/TIMER0/timer0.o
 .bss           0x00000000        0x0 MCAL/TIMER0/timer0.o
 .text.T0_voidInit
                0x00000000       0x18 MCAL/TIMER0/timer0.o
 .text.T0_voidEnableInteruptOV
                0x00000000        0x8 MCAL/TIMER0/timer0.o
 .text.T0_voidEnableInterruptOC
                0x00000000        0x8 MCAL/TIMER0/timer0.o
 .text.T0_voidStart
                0x00000000        0xe MCAL/TIMER0/timer0.o
 .text.T0_voidStop
                0x00000000        0x8 MCAL/TIMER0/timer0.o
 .text.T0_voidSetTimerReg
                0x00000000        0x4 MCAL/TIMER0/timer0.o
 .text.T0_voidSetOutputCompareReg
                0x00000000        0x4 MCAL/TIMER0/timer0.o
 .text.T0_u8ReadTimer
                0x00000000        0x4 MCAL/TIMER0/timer0.o
 .text.T0_u32CalculatePreloadandOvf
                0x00000000      0x24a MCAL/TIMER0/timer0.o
 .text.T0_voidSetCallbackOV
                0x00000000        0xa MCAL/TIMER0/timer0.o
 .text.T0_voidSetCallbackOC
                0x00000000        0xa MCAL/TIMER0/timer0.o
 .text.T0_voidSetOC0Mode
                0x00000000       0x22 MCAL/TIMER0/timer0.o
 .text          0x00000000        0x0 c:/program files (x86)/atmel/studio/7.0/toolchain/avr8/avr8-gnu-toolchain/bin/../lib/gcc/avr/5.4.0/avr5\libgcc.a(_exit.o)
 .data          0x00000000        0x0 c:/program files (x86)/atmel/studio/7.0/toolchain/avr8/avr8-gnu-toolchain/bin/../lib/gcc/avr/5.4.0/avr5\libgcc.a(_exit.o)
 .bss           0x00000000        0x0 c:/program files (x86)/atmel/studio/7.0/toolchain/avr8/avr8-gnu-toolchain/bin/../lib/gcc/avr/5.4.0/avr5\libgcc.a(_exit.o)
 .text.libgcc.mul
                0x00000000        0x0 c:/program files (x86)/atmel/studio/7.0/toolchain/avr8/avr8-gnu-toolchain/bin/../lib/gcc/avr/5.4.0/avr5\libgcc.a(_exit.o)
 .text.libgcc.div
                0x00000000        0x0 c:/program files (x86)/atmel/studio/7.0/toolchain/avr8/avr8-gnu-toolchain/bin/../lib/gcc/avr/5.4.0/avr5\libgcc.a(_exit.o)
 .text.libgcc   0x00000000        0x0 c:/program files (x86)/atmel/studio/7.0/toolchain/avr8/avr8-gnu-toolchain/bin/../lib/gcc/avr/5.4.0/avr5\libgcc.a(_exit.o)
 .text.libgcc.prologue
                0x00000000        0x0 c:/program files (x86)/atmel/studio/7.0/toolchain/avr8/avr8-gnu-toolchain/bin/../lib/gcc/avr/5.4.0/avr5\libgcc.a(_exit.o)
 .text.libgcc.builtins
                0x00000000        0x0 c:/program files (x86)/atmel/studio/7.0/toolchain/avr8/avr8-gnu-toolchain/bin/../lib/gcc/avr/5.4.0/avr5\libgcc.a(_exit.o)
 .text.libgcc.fmul
                0x00000000        0x0 c:/program files (x86)/atmel/studio/7.0/toolchain/avr8/avr8-gnu-toolchain/bin/../lib/gcc/avr/5.4.0/avr5\libgcc.a(_exit.o)
 .text.libgcc.fixed
                0x00000000        0x0 c:/program files (x86)/atmel/studio/7.0/toolchain/avr8/avr8-gnu-toolchain/bin/../lib/gcc/avr/5.4.0/avr5\libgcc.a(_exit.o)
 .text          0x00000000        0x0 c:/program files (x86)/atmel/studio/7.0/toolchain/avr8/avr8-gnu-toolchain/bin/../lib/gcc/avr/5.4.0/avr5\libgcc.a(_copy_data.o)
 .data          0x00000000        0x0 c:/program files (x86)/atmel/studio/7.0/toolchain/avr8/avr8-gnu-toolchain/bin/../lib/gcc/avr/5.4.0/avr5\libgcc.a(_copy_data.o)
 .bss           0x00000000        0x0 c:/program files (x86)/atmel/studio/7.0/toolchain/avr8/avr8-gnu-toolchain/bin/../lib/gcc/avr/5.4.0/avr5\libgcc.a(_copy_data.o)
 .text.libgcc.mul
                0x00000000        0x0 c:/program files (x86)/atmel/studio/7.0/toolchain/avr8/avr8-gnu-toolchain/bin/../lib/gcc/avr/5.4.0/avr5\libgcc.a(_copy_data.o)
 .text.libgcc.div
                0x00000000        0x0 c:/program files (x86)/atmel/studio/7.0/toolchain/avr8/avr8-gnu-toolchain/bin/../lib/gcc/avr/5.4.0/avr5\libgcc.a(_copy_data.o)
 .text.libgcc   0x00000000        0x0 c:/program files (x86)/atmel/studio/7.0/toolchain/avr8/avr8-gnu-toolchain/bin/../lib/gcc/avr/5.4.0/avr5\libgcc.a(_copy_data.o)
 .text.libgcc.prologue
                0x00000000        0x0 c:/program files (x86)/atmel/studio/7.0/toolchain/avr8/avr8-gnu-toolchain/bin/../lib/gcc/avr/5.4.0/avr5\libgcc.a(_copy_data.o)
 .text.libgcc.builtins
                0x00000000        0x0 c:/program files (x86)/atmel/studio/7.0/toolchain/avr8/avr8-gnu-toolchain/bin/../lib/gcc/avr/5.4.0/avr5\libgcc.a(_copy_data.o)
 .text.libgcc.fmul
                0x00000000        0x0 c:/program files (x86)/atmel/studio/7.0/toolchain/avr8/avr8-gnu-toolchain/bin/../lib/gcc/avr/5.4.0/avr5\libgcc.a(_copy_data.o)
 .text.libgcc.fixed
                0x00000000        0x0 c:/program files (x86)/atmel/studio/7.0/toolchain/avr8/avr8-gnu-toolchain/bin/../lib/gcc/avr/5.4.0/avr5\libgcc.a(_copy_data.o)
 .text          0x00000000        0x0 c:/program files (x86)/atmel/studio/7.0/toolchain/avr8/avr8-gnu-toolchain/bin/../lib/gcc/avr/5.4.0/avr5\libgcc.a(_clear_bss.o)
 .data          0x00000000        0x0 c:/program files (x86)/atmel/studio/7.0/toolchain/avr8/avr8-gnu-toolchain/bin/../lib/gcc/avr/5.4.0/avr5\libgcc.a(_clear_bss.o)
 .bss           0x00000000        0x0 c:/program files (x86)/atmel/studio/7.0/toolchain/avr8/avr8-gnu-toolchain/bin/../lib/gcc/avr/5.4.0/avr5\libgcc.a(_clear_bss.o)
 .text.libgcc.mul
                0x00000000        0x0 c:/program files (x86)/atmel/studio/7.0/toolchain/avr8/avr8-gnu-toolchain/bin/../lib/gcc/avr/5.4.0/avr5\libgcc.a(_clear_bss.o)
 .text.libgcc.div
                0x00000000        0x0 c:/program files (x86)/atmel/studio/7.0/toolchain/avr8/avr8-gnu-toolchain/bin/../lib/gcc/avr/5.4.0/avr5\libgcc.a(_clear_bss.o)
 .text.libgcc   0x00000000        0x0 c:/program files (x86)/atmel/studio/7.0/toolchain/avr8/avr8-gnu-toolchain/bin/../lib/gcc/avr/5.4.0/avr5\libgcc.a(_clear_bss.o)
 .text.libgcc.prologue
                0x00000000        0x0 c:/program files (x86)/atmel/studio/7.0/toolchain/avr8/avr8-gnu-toolchain/bin/../lib/gcc/avr/5.4.0/avr5\libgcc.a(_clear_bss.o)
 .text.libgcc.builtins
                0x00000000        0x0 c:/program files (x86)/atmel/studio/7.0/toolchain/avr8/avr8-gnu-toolchain/bin/../lib/gcc/avr/5.4.0/avr5\libgcc.a(_clear_bss.o)
 .text.libgcc.fmul
                0x00000000        0x0 c:/program files (x86)/atmel/studio/7.0/toolchain/avr8/avr8-gnu-toolchain/bin/../lib/gcc/avr/5.4.0/avr5\libgcc.a(_clear_bss.o)
 .text.libgcc.fixed
                0x00000000        0x0 c:/program files (x86)/atmel/studio/7.0/toolchain/avr8/avr8-gnu-toolchain/bin/../lib/gcc/avr/5.4.0/avr5\libgcc.a(_clear_bss.o)
 .text          0x00000000        0x0 c:/program files (x86)/atmel/studio/7.0/toolchain/avr8/avr8-gnu-toolchain/bin/../lib/gcc/avr/5.4.0/avr5\libgcc.a(_umulhisi3.o)
 .data          0x00000000        0x0 c:/program files (x86)/atmel/studio/7.0/toolchain/avr8/avr8-gnu-toolchain/bin/../lib/gcc/avr/5.4.0/avr5\libgcc.a(_umulhisi3.o)
 .bss           0x00000000        0x0 c:/program files (x86)/atmel/studio/7.0/toolchain/avr8/avr8-gnu-toolchain/bin/../lib/gcc/avr/5.4.0/avr5\libgcc.a(_umulhisi3.o)
 .text.libgcc.mul
                0x00000000       0x1e c:/program files (x86)/atmel/studio/7.0/toolchain/avr8/avr8-gnu-toolchain/bin/../lib/gcc/avr/5.4.0/avr5\libgcc.a(_umulhisi3.o)
 .text.libgcc.div
                0x00000000        0x0 c:/program files (x86)/atmel/studio/7.0/toolchain/avr8/avr8-gnu-toolchain/bin/../lib/gcc/avr/5.4.0/avr5\libgcc.a(_umulhisi3.o)
 .text.libgcc   0x00000000        0x0 c:/program files (x86)/atmel/studio/7.0/toolchain/avr8/avr8-gnu-toolchain/bin/../lib/gcc/avr/5.4.0/avr5\libgcc.a(_umulhisi3.o)
 .text.libgcc.prologue
                0x00000000        0x0 c:/program files (x86)/atmel/studio/7.0/toolchain/avr8/avr8-gnu-toolchain/bin/../lib/gcc/avr/5.4.0/avr5\libgcc.a(_umulhisi3.o)
 .text.libgcc.builtins
                0x00000000        0x0 c:/program files (x86)/atmel/studio/7.0/toolchain/avr8/avr8-gnu-toolchain/bin/../lib/gcc/avr/5.4.0/avr5\libgcc.a(_umulhisi3.o)
 .text.libgcc.fmul
                0x00000000        0x0 c:/program files (x86)/atmel/studio/7.0/toolchain/avr8/avr8-gnu-toolchain/bin/../lib/gcc/avr/5.4.0/avr5\libgcc.a(_umulhisi3.o)
 .text.libgcc.fixed
                0x00000000        0x0 c:/program files (x86)/atmel/studio/7.0/toolchain/avr8/avr8-gnu-toolchain/bin/../lib/gcc/avr/5.4.0/avr5\libgcc.a(_umulhisi3.o)
 .text          0x00000000        0x0 c:/program files (x86)/atmel/studio/7.0/toolchain/avr8/avr8-gnu-toolchain/bin/../lib/gcc/avr/5.4.0/avr5\libgcc.a(_muluhisi3.o)
 .data          0x00000000        0x0 c:/program files (x86)/atmel/studio/7.0/toolchain/avr8/avr8-gnu-toolchain/bin/../lib/gcc/avr/5.4.0/avr5\libgcc.a(_muluhisi3.o)
 .bss           0x00000000        0x0 c:/program files (x86)/atmel/studio/7.0/toolchain/avr8/avr8-gnu-toolchain/bin/../lib/gcc/avr/5.4.0/avr5\libgcc.a(_muluhisi3.o)
 .text.libgcc.mul
                0x00000000       0x16 c:/program files (x86)/atmel/studio/7.0/toolchain/avr8/avr8-gnu-toolchain/bin/../lib/gcc/avr/5.4.0/avr5\libgcc.a(_muluhisi3.o)
 .text.libgcc.div
                0x00000000        0x0 c:/program files (x86)/atmel/studio/7.0/toolchain/avr8/avr8-gnu-toolchain/bin/../lib/gcc/avr/5.4.0/avr5\libgcc.a(_muluhisi3.o)
 .text.libgcc   0x00000000        0x0 c:/program files (x86)/atmel/studio/7.0/toolchain/avr8/avr8-gnu-toolchain/bin/../lib/gcc/avr/5.4.0/avr5\libgcc.a(_muluhisi3.o)
 .text.libgcc.prologue
                0x00000000        0x0 c:/program files (x86)/atmel/studio/7.0/toolchain/avr8/avr8-gnu-toolchain/bin/../lib/gcc/avr/5.4.0/avr5\libgcc.a(_muluhisi3.o)
 .text.libgcc.builtins
                0x00000000        0x0 c:/program files (x86)/atmel/studio/7.0/toolchain/avr8/avr8-gnu-toolchain/bin/../lib/gcc/avr/5.4.0/avr5\libgcc.a(_muluhisi3.o)
 .text.libgcc.fmul
                0x00000000        0x0 c:/program files (x86)/atmel/studio/7.0/toolchain/avr8/avr8-gnu-toolchain/bin/../lib/gcc/avr/5.4.0/avr5\libgcc.a(_muluhisi3.o)
 .text.libgcc.fixed
                0x00000000        0x0 c:/program files (x86)/atmel/studio/7.0/toolchain/avr8/avr8-gnu-toolchain/bin/../lib/gcc/avr/5.4.0/avr5\libgcc.a(_muluhisi3.o)
 .text          0x00000000        0x0 c:/program files (x86)/atmel/studio/7.0/toolchain/avr8/avr8-gnu-toolchain/bin/../lib/gcc/avr/5.4.0/avr5\libgcc.a(_udivdi3.o)
 .data          0x00000000        0x0 c:/program files (x86)/atmel/studio/7.0/toolchain/avr8/avr8-gnu-toolchain/bin/../lib/gcc/avr/5.4.0/avr5\libgcc.a(_udivdi3.o)
 .bss           0x00000000        0x0 c:/program files (x86)/atmel/studio/7.0/toolchain/avr8/avr8-gnu-toolchain/bin/../lib/gcc/avr/5.4.0/avr5\libgcc.a(_udivdi3.o)
 .text.libgcc.mul
                0x00000000        0x0 c:/program files (x86)/atmel/studio/7.0/toolchain/avr8/avr8-gnu-toolchain/bin/../lib/gcc/avr/5.4.0/avr5\libgcc.a(_udivdi3.o)
 .text.libgcc.div
                0x00000000       0x1c c:/program files (x86)/atmel/studio/7.0/toolchain/avr8/avr8-gnu-toolchain/bin/../lib/gcc/avr/5.4.0/avr5\libgcc.a(_udivdi3.o)
 .text.libgcc   0x00000000        0x0 c:/program files (x86)/atmel/studio/7.0/toolchain/avr8/avr8-gnu-toolchain/bin/../lib/gcc/avr/5.4.0/avr5\libgcc.a(_udivdi3.o)
 .text.libgcc.prologue
                0x00000000        0x0 c:/program files (x86)/atmel/studio/7.0/toolchain/avr8/avr8-gnu-toolchain/bin/../lib/gcc/avr/5.4.0/avr5\libgcc.a(_udivdi3.o)
 .text.libgcc.builtins
                0x00000000        0x0 c:/program files (x86)/atmel/studio/7.0/toolchain/avr8/avr8-gnu-toolchain/bin/../lib/gcc/avr/5.4.0/avr5\libgcc.a(_udivdi3.o)
 .text.libgcc.fmul
                0x00000000        0x0 c:/program files (x86)/atmel/studio/7.0/toolchain/avr8/avr8-gnu-toolchain/bin/../lib/gcc/avr/5.4.0/avr5\libgcc.a(_udivdi3.o)
 .text.libgcc.fixed
                0x00000000        0x0 c:/program files (x86)/atmel/studio/7.0/toolchain/avr8/avr8-gnu-toolchain/bin/../lib/gcc/avr/5.4.0/avr5\libgcc.a(_udivdi3.o)
 .text          0x00000000        0x0 c:/program files (x86)/atmel/studio/7.0/toolchain/avr8/avr8-gnu-toolchain/bin/../lib/gcc/avr/5.4.0/avr5\libgcc.a(_udivmod64.o)
 .data          0x00000000        0x0 c:/program files (x86)/atmel/studio/7.0/toolchain/avr8/avr8-gnu-toolchain/bin/../lib/gcc/avr/5.4.0/avr5\libgcc.a(_udivmod64.o)
 .bss           0x00000000        0x0 c:/program files (x86)/atmel/studio/7.0/toolchain/avr8/avr8-gnu-toolchain/bin/../lib/gcc/avr/5.4.0/avr5\libgcc.a(_udivmod64.o)
 .text.libgcc.mul
                0x00000000        0x0 c:/program files (x86)/atmel/studio/7.0/toolchain/avr8/avr8-gnu-toolchain/bin/../lib/gcc/avr/5.4.0/avr5\libgcc.a(_udivmod64.o)
 .text.libgcc.div
                0x00000000       0xa2 c:/program files (x86)/atmel/studio/7.0/toolchain/avr8/avr8-gnu-toolchain/bin/../lib/gcc/avr/5.4.0/avr5\libgcc.a(_udivmod64.o)
 .text.libgcc   0x00000000        0x0 c:/program files (x86)/atmel/studio/7.0/toolchain/avr8/avr8-gnu-toolchain/bin/../lib/gcc/avr/5.4.0/avr5\libgcc.a(_udivmod64.o)
 .text.libgcc.prologue
                0x00000000        0x0 c:/program files (x86)/atmel/studio/7.0/toolchain/avr8/avr8-gnu-toolchain/bin/../lib/gcc/avr/5.4.0/avr5\libgcc.a(_udivmod64.o)
 .text.libgcc.builtins
                0x00000000        0x0 c:/program files (x86)/atmel/studio/7.0/toolchain/avr8/avr8-gnu-toolchain/bin/../lib/gcc/avr/5.4.0/avr5\libgcc.a(_udivmod64.o)
 .text.libgcc.fmul
                0x00000000        0x0 c:/program files (x86)/atmel/studio/7.0/toolchain/avr8/avr8-gnu-toolchain/bin/../lib/gcc/avr/5.4.0/avr5\libgcc.a(_udivmod64.o)
 .text.libgcc.fixed
                0x00000000        0x0 c:/program files (x86)/atmel/studio/7.0/toolchain/avr8/avr8-gnu-toolchain/bin/../lib/gcc/avr/5.4.0/avr5\libgcc.a(_udivmod64.o)
 .text          0x00000000        0x0 c:/program files (x86)/atmel/studio/7.0/toolchain/avr8/avr8-gnu-toolchain/bin/../lib/gcc/avr/5.4.0/avr5\libgcc.a(_ashldi3.o)
 .data          0x00000000        0x0 c:/program files (x86)/atmel/studio/7.0/toolchain/avr8/avr8-gnu-toolchain/bin/../lib/gcc/avr/5.4.0/avr5\libgcc.a(_ashldi3.o)
 .bss           0x00000000        0x0 c:/program files (x86)/atmel/studio/7.0/toolchain/avr8/avr8-gnu-toolchain/bin/../lib/gcc/avr/5.4.0/avr5\libgcc.a(_ashldi3.o)
 .text.libgcc.mul
                0x00000000        0x0 c:/program files (x86)/atmel/studio/7.0/toolchain/avr8/avr8-gnu-toolchain/bin/../lib/gcc/avr/5.4.0/avr5\libgcc.a(_ashldi3.o)
 .text.libgcc.div
                0x00000000        0x0 c:/program files (x86)/atmel/studio/7.0/toolchain/avr8/avr8-gnu-toolchain/bin/../lib/gcc/avr/5.4.0/avr5\libgcc.a(_ashldi3.o)
 .text.libgcc   0x00000000        0x0 c:/program files (x86)/atmel/studio/7.0/toolchain/avr8/avr8-gnu-toolchain/bin/../lib/gcc/avr/5.4.0/avr5\libgcc.a(_ashldi3.o)
 .text.libgcc.prologue
                0x00000000        0x0 c:/program files (x86)/atmel/studio/7.0/toolchain/avr8/avr8-gnu-toolchain/bin/../lib/gcc/avr/5.4.0/avr5\libgcc.a(_ashldi3.o)
 .text.libgcc.builtins
                0x00000000       0x32 c:/program files (x86)/atmel/studio/7.0/toolchain/avr8/avr8-gnu-toolchain/bin/../lib/gcc/avr/5.4.0/avr5\libgcc.a(_ashldi3.o)
 .text.libgcc.fmul
                0x00000000        0x0 c:/program files (x86)/atmel/studio/7.0/toolchain/avr8/avr8-gnu-toolchain/bin/../lib/gcc/avr/5.4.0/avr5\libgcc.a(_ashldi3.o)
 .text.libgcc.fixed
                0x00000000        0x0 c:/program files (x86)/atmel/studio/7.0/toolchain/avr8/avr8-gnu-toolchain/bin/../lib/gcc/avr/5.4.0/avr5\libgcc.a(_ashldi3.o)
 .text          0x00000000        0x0 c:/program files (x86)/atmel/studio/7.0/toolchain/avr8/avr8-gnu-toolchain/bin/../lib/gcc/avr/5.4.0/avr5\libgcc.a(_ashrdi3.o)
 .data          0x00000000        0x0 c:/program files (x86)/atmel/studio/7.0/toolchain/avr8/avr8-gnu-toolchain/bin/../lib/gcc/avr/5.4.0/avr5\libgcc.a(_ashrdi3.o)
 .bss           0x00000000        0x0 c:/program files (x86)/atmel/studio/7.0/toolchain/avr8/avr8-gnu-toolchain/bin/../lib/gcc/avr/5.4.0/avr5\libgcc.a(_ashrdi3.o)
 .text.libgcc.mul
                0x00000000        0x0 c:/program files (x86)/atmel/studio/7.0/toolchain/avr8/avr8-gnu-toolchain/bin/../lib/gcc/avr/5.4.0/avr5\libgcc.a(_ashrdi3.o)
 .text.libgcc.div
                0x00000000        0x0 c:/program files (x86)/atmel/studio/7.0/toolchain/avr8/avr8-gnu-toolchain/bin/../lib/gcc/avr/5.4.0/avr5\libgcc.a(_ashrdi3.o)
 .text.libgcc   0x00000000        0x0 c:/program files (x86)/atmel/studio/7.0/toolchain/avr8/avr8-gnu-toolchain/bin/../lib/gcc/avr/5.4.0/avr5\libgcc.a(_ashrdi3.o)
 .text.libgcc.prologue
                0x00000000        0x0 c:/program files (x86)/atmel/studio/7.0/toolchain/avr8/avr8-gnu-toolchain/bin/../lib/gcc/avr/5.4.0/avr5\libgcc.a(_ashrdi3.o)
 .text.libgcc.builtins
                0x00000000       0x3c c:/program files (x86)/atmel/studio/7.0/toolchain/avr8/avr8-gnu-toolchain/bin/../lib/gcc/avr/5.4.0/avr5\libgcc.a(_ashrdi3.o)
 .text.libgcc.fmul
                0x00000000        0x0 c:/program files (x86)/atmel/studio/7.0/toolchain/avr8/avr8-gnu-toolchain/bin/../lib/gcc/avr/5.4.0/avr5\libgcc.a(_ashrdi3.o)
 .text.libgcc.fixed
                0x00000000        0x0 c:/program files (x86)/atmel/studio/7.0/toolchain/avr8/avr8-gnu-toolchain/bin/../lib/gcc/avr/5.4.0/avr5\libgcc.a(_ashrdi3.o)
 .text          0x00000000        0x0 c:/program files (x86)/atmel/studio/7.0/toolchain/avr8/avr8-gnu-toolchain/bin/../lib/gcc/avr/5.4.0/avr5\libgcc.a(_adddi3.o)
 .data          0x00000000        0x0 c:/program files (x86)/atmel/studio/7.0/toolchain/avr8/avr8-gnu-toolchain/bin/../lib/gcc/avr/5.4.0/avr5\libgcc.a(_adddi3.o)
 .bss           0x00000000        0x0 c:/program files (x86)/atmel/studio/7.0/toolchain/avr8/avr8-gnu-toolchain/bin/../lib/gcc/avr/5.4.0/avr5\libgcc.a(_adddi3.o)
 .text.libgcc.mul
                0x00000000        0x0 c:/program files (x86)/atmel/studio/7.0/toolchain/avr8/avr8-gnu-toolchain/bin/../lib/gcc/avr/5.4.0/avr5\libgcc.a(_adddi3.o)
 .text.libgcc.div
                0x00000000        0x0 c:/program files (x86)/atmel/studio/7.0/toolchain/avr8/avr8-gnu-toolchain/bin/../lib/gcc/avr/5.4.0/avr5\libgcc.a(_adddi3.o)
 .text.libgcc   0x00000000       0x12 c:/program files (x86)/atmel/studio/7.0/toolchain/avr8/avr8-gnu-toolchain/bin/../lib/gcc/avr/5.4.0/avr5\libgcc.a(_adddi3.o)
 .text.libgcc.prologue
                0x00000000        0x0 c:/program files (x86)/atmel/studio/7.0/toolchain/avr8/avr8-gnu-toolchain/bin/../lib/gcc/avr/5.4.0/avr5\libgcc.a(_adddi3.o)
 .text.libgcc.builtins
                0x00000000        0x0 c:/program files (x86)/atmel/studio/7.0/toolchain/avr8/avr8-gnu-toolchain/bin/../lib/gcc/avr/5.4.0/avr5\libgcc.a(_adddi3.o)
 .text.libgcc.fmul
                0x00000000        0x0 c:/program files (x86)/atmel/studio/7.0/toolchain/avr8/avr8-gnu-toolchain/bin/../lib/gcc/avr/5.4.0/avr5\libgcc.a(_adddi3.o)
 .text.libgcc.fixed
                0x00000000        0x0 c:/program files (x86)/atmel/studio/7.0/toolchain/avr8/avr8-gnu-toolchain/bin/../lib/gcc/avr/5.4.0/avr5\libgcc.a(_adddi3.o)
 .text          0x00000000        0x0 c:/program files (x86)/atmel/studio/7.0/toolchain/avr8/avr8-gnu-toolchain/bin/../lib/gcc/avr/5.4.0/avr5\libgcc.a(_cmpdi2.o)
 .data          0x00000000        0x0 c:/program files (x86)/atmel/studio/7.0/toolchain/avr8/avr8-gnu-toolchain/bin/../lib/gcc/avr/5.4.0/avr5\libgcc.a(_cmpdi2.o)
 .bss           0x00000000        0x0 c:/program files (x86)/atmel/studio/7.0/toolchain/avr8/avr8-gnu-toolchain/bin/../lib/gcc/avr/5.4.0/avr5\libgcc.a(_cmpdi2.o)
 .text.libgcc.mul
                0x00000000        0x0 c:/program files (x86)/atmel/studio/7.0/toolchain/avr8/avr8-gnu-toolchain/bin/../lib/gcc/avr/5.4.0/avr5\libgcc.a(_cmpdi2.o)
 .text.libgcc.div
                0x00000000        0x0 c:/program files (x86)/atmel/studio/7.0/toolchain/avr8/avr8-gnu-toolchain/bin/../lib/gcc/avr/5.4.0/avr5\libgcc.a(_cmpdi2.o)
 .text.libgcc   0x00000000       0x12 c:/program files (x86)/atmel/studio/7.0/toolchain/avr8/avr8-gnu-toolchain/bin/../lib/gcc/avr/5.4.0/avr5\libgcc.a(_cmpdi2.o)
 .text.libgcc.prologue
                0x00000000        0x0 c:/program files (x86)/atmel/studio/7.0/toolchain/avr8/avr8-gnu-toolchain/bin/../lib/gcc/avr/5.4.0/avr5\libgcc.a(_cmpdi2.o)
 .text.libgcc.builtins
                0x00000000        0x0 c:/program files (x86)/atmel/studio/7.0/toolchain/avr8/avr8-gnu-toolchain/bin/../lib/gcc/avr/5.4.0/avr5\libgcc.a(_cmpdi2.o)
 .text.libgcc.fmul
                0x00000000        0x0 c:/program files (x86)/atmel/studio/7.0/toolchain/avr8/avr8-gnu-toolchain/bin/../lib/gcc/avr/5.4.0/avr5\libgcc.a(_cmpdi2.o)
 .text.libgcc.fixed
                0x00000000        0x0 c:/program files (x86)/atmel/studio/7.0/toolchain/avr8/avr8-gnu-toolchain/bin/../lib/gcc/avr/5.4.0/avr5\libgcc.a(_cmpdi2.o)
 .text          0x00000000        0x0 c:/program files (x86)/atmel/studio/7.0/toolchain/avr8/avr8-gnu-toolchain/bin/../lib/gcc/avr/5.4.0/../../../../avr/lib/avr5\libc.a(itoa_ncheck.o)
 .data          0x00000000        0x0 c:/program files (x86)/atmel/studio/7.0/toolchain/avr8/avr8-gnu-toolchain/bin/../lib/gcc/avr/5.4.0/../../../../avr/lib/avr5\libc.a(itoa_ncheck.o)
 .bss           0x00000000        0x0 c:/program files (x86)/atmel/studio/7.0/toolchain/avr8/avr8-gnu-toolchain/bin/../lib/gcc/avr/5.4.0/../../../../avr/lib/avr5\libc.a(itoa_ncheck.o)
 .text          0x00000000        0x0 c:/program files (x86)/atmel/studio/7.0/toolchain/avr8/avr8-gnu-toolchain/bin/../lib/gcc/avr/5.4.0/../../../../avr/lib/avr5\libc.a(utoa_ncheck.o)
 .data          0x00000000        0x0 c:/program files (x86)/atmel/studio/7.0/toolchain/avr8/avr8-gnu-toolchain/bin/../lib/gcc/avr/5.4.0/../../../../avr/lib/avr5\libc.a(utoa_ncheck.o)
 .bss           0x00000000        0x0 c:/program files (x86)/atmel/studio/7.0/toolchain/avr8/avr8-gnu-toolchain/bin/../lib/gcc/avr/5.4.0/../../../../avr/lib/avr5\libc.a(utoa_ncheck.o)
 .text          0x00000000        0x0 c:/program files (x86)/atmel/studio/7.0/toolchain/avr8/avr8-gnu-toolchain/bin/../lib/gcc/avr/5.4.0/../../../../avr/lib/avr5\libc.a(strrev.o)
 .data          0x00000000        0x0 c:/program files (x86)/atmel/studio/7.0/toolchain/avr8/avr8-gnu-toolchain/bin/../lib/gcc/avr/5.4.0/../../../../avr/lib/avr5\libc.a(strrev.o)
 .bss           0x00000000        0x0 c:/program files (x86)/atmel/studio/7.0/toolchain/avr8/avr8-gnu-toolchain/bin/../lib/gcc/avr/5.4.0/../../../../avr/lib/avr5\libc.a(strrev.o)

Memory Configuration

Name             Origin             Length             Attributes
text             0x00000000         0x00008000         xr
data             0x00800060         0x00000800         rw !x
eeprom           0x00810000         0x00000400         rw !x
fuse             0x00820000         0x00000002         rw !x
lock             0x00830000         0x00000400         rw !x
signature        0x00840000         0x00000400         rw !x
user_signatures  0x00850000         0x00000400         rw !x
*default*        0x00000000         0xffffffff

Linker script and memory map

LOAD C:/Program Files (x86)/Atmel/Studio/7.0/Packs/atmel/ATmega_DFP/1.7.374/gcc/dev/atmega32a/avr5/crtatmega32a.o
LOAD APP/Ch1_PasswordbyTicks.o
LOAD APP/Ch2_sStopWatch.o
LOAD APP/FastPWMwithbuzzer.o
LOAD APP/Timer_NormalMode.o
LOAD HAL/Button/button.o
LOAD HAL/Button/button_cfg.o
LOAD HAL/KEYPAD/keypad.o
LOAD HAL/KEYPAD/keypad_cfg.o
LOAD HAL/LCD/LCD.o
LOAD HAL/LED/led.o
LOAD HAL/LED/led_cfg.o
LOAD HAL/SEVEN_SEGMEN/sevens_seg.o
LOAD HAL/SEVEN_SEGMEN/seven_seg_cfg.o
LOAD HAL/UnipolarStepperMotor/UnipolarStepperMotor_cfg.o
LOAD HAL/UnipolarStepperMotor/UnipolarStepperMotor.o
LOAD main.o
LOAD MCAL/ADC/ADC.o
LOAD MCAL/ADC/ADC_cfg.o
LOAD MCAL/DIO/dio.o
LOAD MCAL/DIO/dio_cfg.o
LOAD MCAL/EXTI/EXTI_prog.o
LOAD MCAL/TIMER0/timer0.o
START GROUP
LOAD c:/program files (x86)/atmel/studio/7.0/toolchain/avr8/avr8-gnu-toolchain/bin/../lib/gcc/avr/5.4.0/../../../../avr/lib/avr5\libm.a
END GROUP
START GROUP
LOAD c:/program files (x86)/atmel/studio/7.0/toolchain/avr8/avr8-gnu-toolchain/bin/../lib/gcc/avr/5.4.0/avr5\libgcc.a
LOAD c:/program files (x86)/atmel/studio/7.0/toolchain/avr8/avr8-gnu-toolchain/bin/../lib/gcc/avr/5.4.0/../../../../avr/lib/avr5\libm.a
LOAD c:/program files (x86)/atmel/studio/7.0/toolchain/avr8/avr8-gnu-toolchain/bin/../lib/gcc/avr/5.4.0/../../../../avr/lib/avr5\libc.a
LOAD C:/Program Files (x86)/Atmel/Studio/7.0/Packs/atmel/ATmega_DFP/1.7.374/gcc/dev/atmega32a/avr5\libatmega32a.a
END GROUP
                [0x00000000]                __TEXT_REGION_ORIGIN__ = DEFINED (__TEXT_REGION_ORIGIN__)?__TEXT_REGION_ORIGIN__:0x0
                [0x00800060]                __DATA_REGION_ORIGIN__ = DEFINED (__DATA_REGION_ORIGIN__)?__DATA_REGION_ORIGIN__:0x800060
                [0x00008000]                __TEXT_REGION_LENGTH__ = DEFINED (__TEXT_REGION_LENGTH__)?__TEXT_REGION_LENGTH__:0x20000
                [0x00000800]                __DATA_REGION_LENGTH__ = DEFINED (__DATA_REGION_LENGTH__)?__DATA_REGION_LENGTH__:0xffa0
                [0x00000400]                __EEPROM_REGION_LENGTH__ = DEFINED (__EEPROM_REGION_LENGTH__)?__EEPROM_REGION_LENGTH__:0x10000
                [0x00000002]                __FUSE_REGION_LENGTH__ = DEFINED (__FUSE_REGION_LENGTH__)?__FUSE_REGION_LENGTH__:0x400
                0x00000400                __LOCK_REGION_LENGTH__ = DEFINED (__LOCK_REGION_LENGTH__)?__LOCK_REGION_LENGTH__:0x400
                0x00000400                __SIGNATURE_REGION_LENGTH__ = DEFINED (__SIGNATURE_REGION_LENGTH__)?__SIGNATURE_REGION_LENGTH__:0x400
                0x00000400                __USER_SIGNATURE_REGION_LENGTH__ = DEFINED (__USER_SIGNATURE_REGION_LENGTH__)?__USER_SIGNATURE_REGION_LENGTH__:0x400

.hash
 *(.hash)

.dynsym
 *(.dynsym)

.dynstr
 *(.dynstr)

.gnu.version
 *(.gnu.version)

.gnu.version_d
 *(.gnu.version_d)

.gnu.version_r
 *(.gnu.version_r)

.rel.init
 *(.rel.init)

.rela.init
 *(.rela.init)

.rel.text
 *(.rel.text)
 *(.rel.text.*)
 *(.rel.gnu.linkonce.t*)

.rela.text
 *(.rela.text)
 *(.rela.text.*)
 *(.rela.gnu.linkonce.t*)

.rel.fini
 *(.rel.fini)

.rela.fini
 *(.rela.fini)

.rel.rodata
 *(.rel.rodata)
 *(.rel.rodata.*)
 *(.rel.gnu.linkonce.r*)

.rela.rodata
 *(.rela.rodata)
 *(.rela.rodata.*)
 *(.rela.gnu.linkonce.r*)

.rel.data
 *(.rel.data)
 *(.rel.data.*)
 *(.rel.gnu.linkonce.d*)

.rela.data
 *(.rela.data)
 *(.rela.data.*)
 *(.rela.gnu.linkonce.d*)

.rel.ctors
 *(.rel.ctors)

.rela.ctors
 *(.rela.ctors)

.rel.dtors
 *(.rel.dtors)

.rela.dtors
 *(.rela.dtors)

.rel.got
 *(.rel.got)

.rela.got
 *(.rela.got)

.rel.bss
 *(.rel.bss)

.rela.bss
 *(.rela.bss)

.rel.plt
 *(.rel.plt)

.rela.plt
 *(.rela.plt)

.text           0x00000000      0xa0c
 *(.vectors)
 .vectors       0x00000000       0x54 C:/Program Files (x86)/Atmel/Studio/7.0/Packs/atmel/ATmega_DFP/1.7.374/gcc/dev/atmega32a/avr5/crtatmega32a.o
                0x00000000                __vector_default
                0x00000000                __vectors
 *(.vectors)
 *(.progmem.gcc*)
                0x00000054                . = ALIGN (0x2)
                0x00000054                __trampolines_start = .
 *(.trampolines)
 .trampolines   0x00000054        0x0 linker stubs
 *(.trampolines*)
                0x00000054                __trampolines_end = .
 *libprintf_flt.a:*(.progmem.data)
 *libc.a:*(.progmem.data)
 *(.progmem*)
                0x00000054                . = ALIGN (0x2)
 *(.jumptables)
 *(.jumptables*)
 *(.lowtext)
 *(.lowtext*)
                0x00000054                __ctors_start = .
 *(.ctors)
                0x00000054                __ctors_end = .
                0x00000054                __dtors_start = .
 *(.dtors)
                0x00000054                __dtors_end = .
 SORT(*)(.ctors)
 SORT(*)(.dtors)
 *(.init0)
 .init0         0x00000054        0x0 C:/Program Files (x86)/Atmel/Studio/7.0/Packs/atmel/ATmega_DFP/1.7.374/gcc/dev/atmega32a/avr5/crtatmega32a.o
                0x00000054                __init
 *(.init0)
 *(.init1)
 *(.init1)
 *(.init2)
 .init2         0x00000054        0xc C:/Program Files (x86)/Atmel/Studio/7.0/Packs/atmel/ATmega_DFP/1.7.374/gcc/dev/atmega32a/avr5/crtatmega32a.o
 *(.init2)
 *(.init3)
 *(.init3)
 *(.init4)
 .init4         0x00000060       0x16 c:/program files (x86)/atmel/studio/7.0/toolchain/avr8/avr8-gnu-toolchain/bin/../lib/gcc/avr/5.4.0/avr5\libgcc.a(_copy_data.o)
                0x00000060                __do_copy_data
 .init4         0x00000076       0x10 c:/program files (x86)/atmel/studio/7.0/toolchain/avr8/avr8-gnu-toolchain/bin/../lib/gcc/avr/5.4.0/avr5\libgcc.a(_clear_bss.o)
                0x00000076                __do_clear_bss
 *(.init4)
 *(.init5)
 *(.init5)
 *(.init6)
 *(.init6)
 *(.init7)
 *(.init7)
 *(.init8)
 *(.init8)
 *(.init9)
 .init9         0x00000086        0x8 C:/Program Files (x86)/Atmel/Studio/7.0/Packs/atmel/ATmega_DFP/1.7.374/gcc/dev/atmega32a/avr5/crtatmega32a.o
 *(.init9)
 *(.text)
 .text          0x0000008e        0x4 C:/Program Files (x86)/Atmel/Studio/7.0/Packs/atmel/ATmega_DFP/1.7.374/gcc/dev/atmega32a/avr5/crtatmega32a.o
                0x0000008e                __vector_12
                0x0000008e                __bad_interrupt
                0x0000008e                __vector_6
                0x0000008e                __vector_13
                0x0000008e                __vector_17
                0x0000008e                __vector_19
                0x0000008e                __vector_7
                0x0000008e                __vector_5
                0x0000008e                __vector_4
                0x0000008e                __vector_9
                0x0000008e                __vector_15
                0x0000008e                __vector_8
                0x0000008e                __vector_14
                0x0000008e                __vector_18
                0x0000008e                __vector_20
                0x00000092                . = ALIGN (0x2)
 *(.text.*)
 .text.button_viInit
                0x00000092       0x2e HAL/Button/button.o
                0x00000092                button_viInit
 .text.LCD_lcd_kick
                0x000000c0       0x2e HAL/LCD/LCD.o
 .text.LCD_SendCommand
                0x000000ee       0x94 HAL/LCD/LCD.o
 .text.LCD_WriteData
                0x00000182       0x94 HAL/LCD/LCD.o
                0x00000182                LCD_WriteData
 .text.LCD_Init
                0x00000216       0x66 HAL/LCD/LCD.o
                0x00000216                LCD_Init
 .text.LCD_GoToXY
                0x0000027c       0x38 HAL/LCD/LCD.o
                0x0000027c                LCD_GoToXY
 .text.LCD_WriteChar
                0x000002b4       0x16 HAL/LCD/LCD.o
                0x000002b4                LCD_WriteChar
 .text.LCD_WriteString
                0x000002ca       0x50 HAL/LCD/LCD.o
                0x000002ca                LCD_WriteString
 .text.led_viInit
                0x0000031a       0x2e HAL/LED/led.o
                0x0000031a                led_viInit
 .text.led_viToggle
                0x00000348       0x48 HAL/LED/led.o
                0x00000348                led_viToggle
 .text.EXTI_Isr
                0x00000390        0x8 main.o
                0x00000390                EXTI_Isr
 .text.ADC_ISR  0x00000398       0x48 main.o
                0x00000398                ADC_ISR
 .text.main     0x000003e0       0xb4 main.o
                0x000003e0                main
 .text.ADC_voidInit
                0x00000494       0x72 MCAL/ADC/ADC.o
                0x00000494                ADC_voidInit
 .text.ADC_voidEnable
                0x00000506        0x8 MCAL/ADC/ADC.o
                0x00000506                ADC_voidEnable
 .text.ADC_voidInterrputEnable
                0x0000050e        0x8 MCAL/ADC/ADC.o
                0x0000050e                ADC_voidInterrputEnable
 .text.ADC_voidStartConversion
                0x00000516        0x8 MCAL/ADC/ADC.o
                0x00000516                ADC_voidStartConversion
 .text.ADC_voidSetCallbackFun
                0x0000051e        0xa MCAL/ADC/ADC.o
                0x0000051e                ADC_voidSetCallbackFun
 .text.__vector_16
                0x00000528       0x52 MCAL/ADC/ADC.o
                0x00000528                __vector_16
 .text.dio_vidConfigChannel
                0x0000057a       0xda MCAL/DIO/dio.o
                0x0000057a                dio_vidConfigChannel
 .text.dio_vidWriteChannel
                0x00000654       0xda MCAL/DIO/dio.o
                0x00000654                dio_vidWriteChannel
 .text.dio_vidFlipChannel
                0x0000072e       0x68 MCAL/DIO/dio.o
                0x0000072e                dio_vidFlipChannel
 .text.EXTI_Init
                0x00000796       0x50 MCAL/EXTI/EXTI_prog.o
                0x00000796                EXTI_Init
 .text.EXTI_voidSetCallbackFunction
                0x000007e6       0x2a MCAL/EXTI/EXTI_prog.o
                0x000007e6                EXTI_voidSetCallbackFunction
 .text.__vector_1
                0x00000810       0x4e MCAL/EXTI/EXTI_prog.o
                0x00000810                __vector_1
 .text.__vector_2
                0x0000085e       0x4e MCAL/EXTI/EXTI_prog.o
                0x0000085e                __vector_2
 .text.__vector_3
                0x000008ac       0x4e MCAL/EXTI/EXTI_prog.o
                0x000008ac                __vector_3
 .text.__vector_10
                0x000008fa       0x52 MCAL/TIMER0/timer0.o
                0x000008fa                __vector_10
 .text.__vector_11
                0x0000094c       0x52 MCAL/TIMER0/timer0.o
                0x0000094c                __vector_11
 .text.avr-libc
                0x0000099e       0x16 c:/program files (x86)/atmel/studio/7.0/toolchain/avr8/avr8-gnu-toolchain/bin/../lib/gcc/avr/5.4.0/../../../../avr/lib/avr5\libc.a(itoa_ncheck.o)
                0x0000099e                __itoa_ncheck
 .text.avr-libc
                0x000009b4       0x34 c:/program files (x86)/atmel/studio/7.0/toolchain/avr8/avr8-gnu-toolchain/bin/../lib/gcc/avr/5.4.0/../../../../avr/lib/avr5\libc.a(utoa_ncheck.o)
                0x000009b4                __utoa_ncheck
                0x000009b6                __utoa_common
 .text.avr-libc
                0x000009e8       0x20 c:/program files (x86)/atmel/studio/7.0/toolchain/avr8/avr8-gnu-toolchain/bin/../lib/gcc/avr/5.4.0/../../../../avr/lib/avr5\libc.a(strrev.o)
                0x000009e8                strrev
                0x00000a08                . = ALIGN (0x2)
 *(.fini9)
 .fini9         0x00000a08        0x0 c:/program files (x86)/atmel/studio/7.0/toolchain/avr8/avr8-gnu-toolchain/bin/../lib/gcc/avr/5.4.0/avr5\libgcc.a(_exit.o)
                0x00000a08                _exit
                0x00000a08                exit
 *(.fini9)
 *(.fini8)
 *(.fini8)
 *(.fini7)
 *(.fini7)
 *(.fini6)
 *(.fini6)
 *(.fini5)
 *(.fini5)
 *(.fini4)
 *(.fini4)
 *(.fini3)
 *(.fini3)
 *(.fini2)
 *(.fini2)
 *(.fini1)
 *(.fini1)
 *(.fini0)
 .fini0         0x00000a08        0x4 c:/program files (x86)/atmel/studio/7.0/toolchain/avr8/avr8-gnu-toolchain/bin/../lib/gcc/avr/5.4.0/avr5\libgcc.a(_exit.o)
 *(.fini0)
                0x00000a0c                _etext = .

.data           0x00800060       0x36 load address 0x00000a0c
                0x00800060                PROVIDE (__data_start, .)
 *(.data)
 *(.data*)
 .data.Buttons_count
                0x00800060        0x1 HAL/Button/button_cfg.o
                0x00800060                Buttons_count
 .data.Button_configurations
                0x00800061       0x10 HAL/Button/button_cfg.o
                0x00800061                Button_configurations
 .data.ledsCount
                0x00800071        0x1 HAL/LED/led_cfg.o
                0x00800071                ledsCount
 .data.ledsConfigurations
                0x00800072       0x10 HAL/LED/led_cfg.o
                0x00800072                ledsConfigurations
 .data.ADC_configurations
                0x00800082       0x14 MCAL/ADC/ADC_cfg.o
                0x00800082                ADC_configurations
 *(.gnu.linkonce.d*)
 *(.rodata)
 *(.rodata*)
 *(.gnu.linkonce.r*)
                0x00800096                . = ALIGN (0x2)
                0x00800096                _edata = .
                0x00800096                PROVIDE (__data_end, .)

.bss            0x00800096       0x16
                0x00800096                PROVIDE (__bss_start, .)
 *(.bss)
 *(.bss*)
 .bss.i         0x00800096        0x1 main.o
                0x00800096                i
 .bss.ADCFlag   0x00800097        0x1 main.o
                0x00800097                ADCFlag
 .bss.ADCval    0x00800098        0x8 main.o
                0x00800098                ADCval
 *(COMMON)
 COMMON         0x008000a0        0x2 MCAL/ADC/ADC.o
                0x008000a0                GP_ADC_Callback
 COMMON         0x008000a2        0x6 MCAL/EXTI/EXTI_prog.o
                0x008000a2                EXTI1_callback
                0x008000a4                EXTI2_callback
                0x008000a6                EXTI0_callback
 COMMON         0x008000a8        0x4 MCAL/TIMER0/timer0.o
                0x008000a8                T0_OC_CallBackFun
                0x008000aa                T0_OVF_CallBackFun
                0x008000ac                PROVIDE (__bss_end, .)
                0x00000a0c                __data_load_start = LOADADDR (.data)
                0x00000a42                __data_load_end = (__data_load_start + SIZEOF (.data))

.noinit         0x008000ac        0x0
                [!provide]                PROVIDE (__noinit_start, .)
 *(.noinit*)
                [!provide]                PROVIDE (__noinit_end, .)
                0x008000ac                _end = .
                [!provide]                PROVIDE (__heap_start, .)

.eeprom         0x00810000        0x0
 *(.eeprom*)
                0x00810000                __eeprom_end = .

.fuse
 *(.fuse)
 *(.lfuse)
 *(.hfuse)
 *(.efuse)

.lock
 *(.lock*)

.signature
 *(.signature*)

.user_signatures
 *(.user_signatures*)

.stab
 *(.stab)

.stabstr
 *(.stabstr)

.stab.excl
 *(.stab.excl)

.stab.exclstr
 *(.stab.exclstr)

.stab.index
 *(.stab.index)

.stab.indexstr
 *(.stab.indexstr)

.comment        0x00000000       0x30
 *(.comment)
 .comment       0x00000000       0x30 HAL/Button/button.o
                                 0x31 (size before relaxing)
 .comment       0x00000030       0x31 HAL/Button/button_cfg.o
 .comment       0x00000030       0x31 HAL/LCD/LCD.o
 .comment       0x00000030       0x31 HAL/LED/led.o
 .comment       0x00000030       0x31 HAL/LED/led_cfg.o
 .comment       0x00000030       0x31 main.o
 .comment       0x00000030       0x31 MCAL/ADC/ADC.o
 .comment       0x00000030       0x31 MCAL/ADC/ADC_cfg.o
 .comment       0x00000030       0x31 MCAL/DIO/dio.o
 .comment       0x00000030       0x31 MCAL/EXTI/EXTI_prog.o
 .comment       0x00000030       0x31 MCAL/TIMER0/timer0.o

.note.gnu.avr.deviceinfo
                0x00000000       0x3c
 .note.gnu.avr.deviceinfo
                0x00000000       0x3c C:/Program Files (x86)/Atmel/Studio/7.0/Packs/atmel/ATmega_DFP/1.7.374/gcc/dev/atmega32a/avr5/crtatmega32a.o

.note.gnu.build-id
 *(.note.gnu.build-id)

.debug
 *(.debug)

.line
 *(.line)

.debug_srcinfo
 *(.debug_srcinfo)

.debug_sfnames
 *(.debug_sfnames)

.debug_aranges  0x00000000      0x2e8
 *(.debug_aranges)
 .debug_aranges
                0x00000000       0x28 HAL/Button/button.o
 .debug_aranges
                0x00000028       0x18 HAL/Button/button_cfg.o
 .debug_aranges
                0x00000040       0x68 HAL/LCD/LCD.o
 .debug_aranges
                0x000000a8       0x38 HAL/LED/led.o
 .debug_aranges
                0x000000e0       0x18 HAL/LED/led_cfg.o
 .debug_aranges
                0x000000f8       0x30 main.o
 .debug_aranges
                0x00000128       0x88 MCAL/ADC/ADC.o
 .debug_aranges
                0x000001b0       0x18 MCAL/ADC/ADC_cfg.o
 .debug_aranges
                0x000001c8       0x50 MCAL/DIO/dio.o
 .debug_aranges
                0x00000218       0x48 MCAL/EXTI/EXTI_prog.o
 .debug_aranges
                0x00000260       0x88 MCAL/TIMER0/timer0.o

.debug_pubnames
 *(.debug_pubnames)

.debug_info     0x00000000     0x2e20
 *(.debug_info .gnu.linkonce.wi.*)
 .debug_info    0x00000000      0x4e6 C:/Program Files (x86)/Atmel/Studio/7.0/Packs/atmel/ATmega_DFP/1.7.374/gcc/dev/atmega32a/avr5/crtatmega32a.o
 .debug_info    0x000004e6      0x2ce HAL/Button/button.o
 .debug_info    0x000007b4      0x1c0 HAL/Button/button_cfg.o
 .debug_info    0x00000974      0x9d5 HAL/LCD/LCD.o
 .debug_info    0x00001349      0x33a HAL/LED/led.o
 .debug_info    0x00001683      0x1ba HAL/LED/led_cfg.o
 .debug_info    0x0000183d      0x648 main.o
 .debug_info    0x00001e85      0x567 MCAL/ADC/ADC.o
 .debug_info    0x000023ec      0x20a MCAL/ADC/ADC_cfg.o
 .debug_info    0x000025f6      0x345 MCAL/DIO/dio.o
 .debug_info    0x0000293b      0x1f7 MCAL/EXTI/EXTI_prog.o
 .debug_info    0x00002b32      0x2ee MCAL/TIMER0/timer0.o

.debug_abbrev   0x00000000     0x118d
 *(.debug_abbrev)
 .debug_abbrev  0x00000000      0x4a3 C:/Program Files (x86)/Atmel/Studio/7.0/Packs/atmel/ATmega_DFP/1.7.374/gcc/dev/atmega32a/avr5/crtatmega32a.o
 .debug_abbrev  0x000004a3      0x116 HAL/Button/button.o
 .debug_abbrev  0x000005b9       0x8c HAL/Button/button_cfg.o
 .debug_abbrev  0x00000645      0x1b9 HAL/LCD/LCD.o
 .debug_abbrev  0x000007fe      0x107 HAL/LED/led.o
 .debug_abbrev  0x00000905       0x8c HAL/LED/led_cfg.o
 .debug_abbrev  0x00000991      0x23f main.o
 .debug_abbrev  0x00000bd0      0x203 MCAL/ADC/ADC.o
 .debug_abbrev  0x00000dd3       0x81 MCAL/ADC/ADC_cfg.o
 .debug_abbrev  0x00000e54      0x140 MCAL/DIO/dio.o
 .debug_abbrev  0x00000f94       0xd0 MCAL/EXTI/EXTI_prog.o
 .debug_abbrev  0x00001064      0x129 MCAL/TIMER0/timer0.o

.debug_line     0x00000000     0x15b7
 *(.debug_line .debug_line.* .debug_line_end)
 .debug_line    0x00000000      0x116 C:/Program Files (x86)/Atmel/Studio/7.0/Packs/atmel/ATmega_DFP/1.7.374/gcc/dev/atmega32a/avr5/crtatmega32a.o
 .debug_line    0x00000116      0x188 HAL/Button/button.o
 .debug_line    0x0000029e       0x93 HAL/Button/button_cfg.o
 .debug_line    0x00000331      0x3df HAL/LCD/LCD.o
 .debug_line    0x00000710      0x1a6 HAL/LED/led.o
 .debug_line    0x000008b6       0x87 HAL/LED/led_cfg.o
 .debug_line    0x0000093d      0x2a4 main.o
 .debug_line    0x00000be1      0x2ed MCAL/ADC/ADC.o
 .debug_line    0x00000ece       0x40 MCAL/ADC/ADC_cfg.o
 .debug_line    0x00000f0e      0x2ee MCAL/DIO/dio.o
 .debug_line    0x000011fc      0x17a MCAL/EXTI/EXTI_prog.o
 .debug_line    0x00001376      0x241 MCAL/TIMER0/timer0.o

.debug_frame    0x00000000      0x744
 *(.debug_frame)
 .debug_frame   0x00000000       0x44 HAL/Button/button.o
 .debug_frame   0x00000044      0x10c HAL/LCD/LCD.o
 .debug_frame   0x00000150       0x80 HAL/LED/led.o
 .debug_frame   0x000001d0       0x54 main.o
 .debug_frame   0x00000224      0x16c MCAL/ADC/ADC.o
 .debug_frame   0x00000390       0x84 MCAL/DIO/dio.o
 .debug_frame   0x00000414      0x14c MCAL/EXTI/EXTI_prog.o
 .debug_frame   0x00000560      0x1e4 MCAL/TIMER0/timer0.o

.debug_str      0x00000000      0xf4c
 *(.debug_str)
 .debug_str     0x00000000      0x196 C:/Program Files (x86)/Atmel/Studio/7.0/Packs/atmel/ATmega_DFP/1.7.374/gcc/dev/atmega32a/avr5/crtatmega32a.o
 .debug_str     0x00000196      0x361 HAL/Button/button.o
                                0x390 (size before relaxing)
 .debug_str     0x000004f7       0x24 HAL/Button/button_cfg.o
                                0x2d1 (size before relaxing)
 .debug_str     0x0000051b      0x113 HAL/LCD/LCD.o
                                0x339 (size before relaxing)
 .debug_str     0x0000062e      0x105 HAL/LED/led.o
                                0x34a (size before relaxing)
 .debug_str     0x00000733       0x15 HAL/LED/led_cfg.o
                                0x2c4 (size before relaxing)
 .debug_str     0x00000748      0x3b5 main.o
                                0x613 (size before relaxing)
 .debug_str     0x00000afd      0x127 MCAL/ADC/ADC.o
                                0x5f6 (size before relaxing)
 .debug_str     0x00000c24       0x16 MCAL/ADC/ADC_cfg.o
                                0x428 (size before relaxing)
 .debug_str     0x00000c3a       0x89 MCAL/DIO/dio.o
                                0x31d (size before relaxing)
 .debug_str     0x00000cc3       0xaf MCAL/EXTI/EXTI_prog.o
                                0x28e (size before relaxing)
 .debug_str     0x00000d72      0x1da MCAL/TIMER0/timer0.o
                                0x365 (size before relaxing)

.debug_loc      0x00000000     0x1d64
 *(.debug_loc)
 .debug_loc     0x00000000      0x153 HAL/Button/button.o
 .debug_loc     0x00000153      0x5fb HAL/LCD/LCD.o
 .debug_loc     0x0000074e      0x207 HAL/LED/led.o
 .debug_loc     0x00000955       0xcc main.o
 .debug_loc     0x00000a21      0x379 MCAL/ADC/ADC.o
 .debug_loc     0x00000d9a      0x5c1 MCAL/DIO/dio.o
 .debug_loc     0x0000135b      0x367 MCAL/EXTI/EXTI_prog.o
 .debug_loc     0x000016c2      0x6a2 MCAL/TIMER0/timer0.o

.debug_macinfo
 *(.debug_macinfo)

.debug_weaknames
 *(.debug_weaknames)

.debug_funcnames
 *(.debug_funcnames)

.debug_typenames
 *(.debug_typenames)

.debug_varnames
 *(.debug_varnames)

.debug_pubtypes
 *(.debug_pubtypes)

.debug_ranges   0x00000000      0x220
 *(.debug_ranges)
 .debug_ranges  0x00000000       0x18 HAL/Button/button.o
 .debug_ranges  0x00000018       0x58 HAL/LCD/LCD.o
 .debug_ranges  0x00000070       0x28 HAL/LED/led.o
 .debug_ranges  0x00000098       0x20 main.o
 .debug_ranges  0x000000b8       0x78 MCAL/ADC/ADC.o
 .debug_ranges  0x00000130       0x40 MCAL/DIO/dio.o
 .debug_ranges  0x00000170       0x38 MCAL/EXTI/EXTI_prog.o
 .debug_ranges  0x000001a8       0x78 MCAL/TIMER0/timer0.o

.debug_macro
 *(.debug_macro)
OUTPUT(NTI_AVR_Drivers.elf elf32-avr)
LOAD linker stubs
